Archive member included to satisfy reference by file (symbol)

include_lib/liba/br23/cpu.a(crc16.o)
                              obj\Release\cpu\br23\setup.o (symbol from plugin) (__crc16_mutex_init)
include_lib/liba/br23/cpu.a(uart.o)
                              obj\Release\apps\common\device\fm\fm_manage.o (symbol from plugin) (delay)
include_lib/liba/br23/cpu.a(usb.o)
                              obj\Release\apps\common\usb\host\usb_host.o (symbol from plugin) (usb_sie_enable)
include_lib/liba/br23/cpu.a(clock.o)
                              obj\Release\cpu\br23\setup.o (symbol from plugin) (clock_dump)
include_lib/liba/br23/cpu.a(gpio.o)
                              obj\Release\apps\soundbox\board\br23\board_ac695x_demo\board_ac695x_demo.o (symbol from plugin) (usb_iomode)
include_lib/liba/br23/cpu.a(timer.o)
                              obj\Release\cpu\br23\audio_common\app_audio.o (symbol from plugin) (delay_2ms)
include_lib/liba/br23/cpu.a(sd.o)
                              obj\Release\apps\soundbox\board\br23\board_ac695x_demo\board_ac695x_demo.o (symbol from plugin) (sdmmc_0_port_init)
include_lib/liba/br23/cpu.a(debug.o)
                              obj\Release\cpu\br23\setup.o (symbol from plugin) (debug_init)
include_lib/liba/br23/cpu.a(wdt.o)
                              obj\Release\apps\soundbox\common\init.o (symbol from plugin) (wdt_close)
include_lib/liba/br23/cpu.a(efuse.o)
                              obj\Release\cpu\br23\charge.o (symbol from plugin) (get_vbat_trim)
include_lib/liba/br23/cpu.a(vm.o)
                              obj\Release\apps\common\fat_nor\phone_rec_fs.o (symbol from plugin) (norflash_origin_read)
include_lib/liba/br23/cpu.a(vm_api.o)
                              obj\Release\apps\common\music\breakpoint.o (symbol from plugin) (vm_api_write_mult)
include_lib/liba/br23/cpu.a(p33.o)
                              obj\Release\cpu\br23\adc_api.o (symbol from plugin) (p33_and_1byte)
include_lib/liba/br23/cpu.a(power_hw.o)
                              obj\Release\apps\soundbox\board\br23\board_ac695x_demo\board_ac695x_demo.o (symbol from plugin) (spi_get_port)
include_lib/liba/br23/cpu.a(power_wakeup.o)
                              power_hw.o (symbol from plugin) (__hw_wakeup_port_init)
include_lib/liba/br23/cpu.a(rtc.o)
                              obj\Release\apps\soundbox\task_manager\rtc\alarm_api.o (symbol from plugin) (month_to_day)
include_lib/liba/br23/cpu.a(fm_inside_api.o)
                              obj\Release\apps\common\device\fm\fm_inside\fm_inside.o (symbol from plugin) (fm_inside_mem_init)
include_lib/liba/br23/cpu.a(fm_digital_set.o)
                              fm_inside_api.o (symbol from plugin) (fm_set_mono)
include_lib/liba/br23/cpu.a(fm_init.o)
                              fm_inside_api.o (symbol from plugin) (fm_mem_init)
include_lib/liba/br23/cpu.a(fm_rf.o)
                              fm_init.o (symbol from plugin) (fm_rf_init)
include_lib/liba/br23/cpu.a(fm_scan.o)
                              fm_init.o (symbol from plugin) (fm_agc)
include_lib/liba/br23/cpu.a(fm_global_dat.o)
                              fm_digital_set.o (symbol from plugin) (cs_table_H75_NOISE_L75)
include_lib/liba/br23/cpu.a(sdx_dev.o)
                              obj\Release\apps\soundbox\task_manager\idle\idle.o (symbol from plugin) (sdx_dev_detect_timer_add)
include_lib/liba/br23/cpu.a(sdx_driver.o)
                              sdx_dev.o (symbol from plugin) (sdx_init_card)
include_lib/liba/br23/cpu.a(sdx_source.o)
                              sdx_driver.o (symbol from plugin) (sdx_get_hi_jiffies)
include_lib/liba/br23/cpu.a(otg.o)
                              obj\Release\apps\common\usb\device\msd.o (symbol from plugin) (usb_otg_online)
include_lib/liba/br23/cpu.a(usb_phy.o)
                              obj\Release\apps\common\usb\host\usb_ctrl_transfer.o (symbol from plugin) (get_jiffies)
include_lib/liba/br23/cpu.a(usb_setup.o)
                              obj\Release\apps\common\usb\device\hid.o (symbol from plugin) (usb_device2id)
include_lib/liba/br23/cpu.a(descriptor.o)
                              usb_setup.o (symbol from plugin) (get_string_ee)
include_lib/liba/br23/cpu.a(startup.o)
                              (_start)
include_lib/liba/br23/cpu.a(fm_dem.o)
                              fm_init.o (symbol from plugin) (fm_dem)
include_lib/liba/br23/cpu.a(encryption.o)
                              vm.o (symbol from plugin) (doe)
include_lib/liba/br23/cpu.a(lp_timer_hw.o)
                              power_hw.o (symbol from plugin) (__hw_nv_timer0_dump)
include_lib/liba/br23/cpu.a(lrc_hw.o)
                              power_hw.o (symbol from plugin) (__get_lrc_hz)
include_lib/liba/br23/cpu.a(misc_hw.o)
                              power_hw.o (symbol from plugin) (watchdog_close)
include_lib/liba/br23/system.a(os_api.o)
                              obj\Release\apps\soundbox\common\init.o (symbol from plugin) (os_init)
[...]
Memory Configuration

Name             Origin             Length             Attributes
psram            0x00800000         0x00200000         xrw
code0            0x01e00120         0x00100000         xr
ram0             0x00000000         0x0002bf00         xrw
ram1             0x0002c000         0x00003f80         xrw
*default*        0x00000000         0xffffffff

Linker script and memory map

LOAD obj\Release\apps\common\audio\audio_digital_vol.o
LOAD cpu\br23\tools\sdk.elf.o
LOAD obj\Release\apps\common\audio\decode\decode.o
LOAD obj\Release\apps\common\audio\encode\encode_write_file.o
LOAD obj\Release\apps\common\audio\sine_make.o
LOAD obj\Release\apps\common\audio\stream\stream_entry.o
LOAD obj\Release\apps\common\audio\stream\stream_sync.o
LOAD obj\Release\apps\common\audio\uartPcmSender.o
LOAD obj\Release\apps\common\bt_common\bt_test_api.o
LOAD obj\Release\apps\common\charge_box\chargeIc_manage.o
LOAD obj\Release\apps\common\charge_box\chgbox_box.o
LOAD obj\Release\apps\common\charge_box\chgbox_ctrl.o
LOAD obj\Release\apps\common\charge_box\chgbox_det.o
LOAD obj\Release\apps\common\charge_box\chgbox_handshake.o
LOAD obj\Release\apps\common\charge_box\chgbox_ui.o
LOAD obj\Release\apps\common\charge_box\chgbox_wireless.o
LOAD obj\Release\apps\common\charge_box\ic_self.o
LOAD obj\Release\apps\common\config\app_config.o
LOAD obj\Release\apps\common\config\bt_profile_config.o
LOAD obj\Release\apps\common\config\ci_transport_uart.o
LOAD obj\Release\apps\common\debug\debug.o
LOAD obj\Release\apps\common\debug\debug_lite.o
LOAD obj\Release\apps\common\dev_manager\dev_manager.o
LOAD obj\Release\apps\common\dev_manager\dev_reg.o
LOAD obj\Release\apps\common\dev_manager\dev_update.o
LOAD obj\Release\apps\common\device\detection.o
LOAD obj\Release\apps\common\device\fm\bk1080\Bk1080.o
LOAD obj\Release\apps\common\device\fm\fm_inside\fm_inside.o
LOAD obj\Release\apps\common\device\fm\fm_manage.o
LOAD obj\Release\apps\common\device\fm\qn8035\QN8035.o
LOAD obj\Release\apps\common\device\fm\rda5807\RDA5807.o
LOAD obj\Release\apps\common\device\fm_emitter\ac3433\ac3433.o
LOAD obj\Release\apps\common\device\fm_emitter\fm_emitter_manage.o
LOAD obj\Release\apps\common\device\fm_emitter\fm_inside\fm_emitter_inside.o
LOAD obj\Release\apps\common\device\fm_emitter\qn8007\qn8007.o
LOAD obj\Release\apps\common\device\fm_emitter\qn8027\qn8027.o
LOAD obj\Release\apps\common\device\gSensor\da230.o
LOAD obj\Release\apps\common\device\gSensor\gSensor_manage.o
LOAD obj\Release\apps\common\device\gSensor\SC7A20.o
LOAD obj\Release\apps\common\device\norflash\norflash.o
LOAD obj\Release\apps\common\fat_nor\nor_fs.o
LOAD obj\Release\apps\common\fat_nor\phone_rec_fs.o
LOAD obj\Release\apps\common\fat_nor\virfat_flash.o
LOAD obj\Release\apps\common\file_operate\file_api.o
LOAD obj\Release\apps\common\file_operate\file_bs_deal.o
LOAD obj\Release\apps\common\file_operate\file_manager.o
LOAD obj\Release\apps\common\key\ad_knob.o
LOAD obj\Release\apps\common\key\adkey.o
LOAD obj\Release\apps\common\key\adkey_rtcvdd.o
LOAD obj\Release\apps\common\key\ctmu_touch_key.o
LOAD obj\Release\apps\common\key\iokey.o
LOAD obj\Release\apps\common\key\irkey.o
LOAD obj\Release\apps\common\key\key_driver.o
LOAD obj\Release\apps\common\key\rdec_key.o
LOAD obj\Release\apps\common\key\slidekey.o
LOAD obj\Release\apps\common\key\touch_key.o
LOAD obj\Release\apps\common\music\breakpoint.o
LOAD obj\Release\apps\common\music\general_player.o
LOAD obj\Release\apps\common\music\music_decrypt.o
LOAD obj\Release\apps\common\music\music_id3.o
LOAD obj\Release\apps\common\music\music_player.o
LOAD obj\Release\apps\common\rec_nor\nor_interface.o
LOAD obj\Release\apps\common\rec_nor\nor_rec_fs.o
LOAD obj\Release\apps\common\third_party_profile\ancs_client_demo\le_ancs_client.o
LOAD obj\Release\apps\common\third_party_profile\common\3th_profile_api.o
LOAD obj\Release\apps\common\third_party_profile\common\custom_cfg.o
LOAD obj\Release\apps\common\third_party_profile\jieli\hid_user.o
LOAD obj\Release\apps\common\third_party_profile\jieli\JL_rcsp\adv_app_setting\adv_bt_name_setting.o
LOAD obj\Release\apps\common\third_party_profile\jieli\JL_rcsp\adv_app_setting\adv_key_setting.o
LOAD obj\Release\apps\common\third_party_profile\jieli\JL_rcsp\adv_app_setting\adv_led_setting.o
LOAD obj\Release\apps\common\third_party_profile\jieli\JL_rcsp\adv_app_setting\adv_mic_setting.o
LOAD obj\Release\apps\common\third_party_profile\jieli\JL_rcsp\adv_app_setting\adv_time_stamp_setting.o
LOAD obj\Release\apps\common\third_party_profile\jieli\JL_rcsp\adv_app_setting\adv_work_setting.o
LOAD obj\Release\apps\common\third_party_profile\jieli\JL_rcsp\adv_rcsp_protocol\rcsp_adv_opt.o
LOAD obj\Release\apps\common\third_party_profile\jieli\JL_rcsp\adv_rcsp_protocol\rcsp_adv_tws_sync.o
LOAD obj\Release\apps\common\third_party_profile\jieli\JL_rcsp\rcsp_updata\rcsp_adv_user_update.o
LOAD obj\Release\apps\common\third_party_profile\jieli\le_client_demo.o
LOAD obj\Release\apps\common\third_party_profile\jieli\trans_data_demo\le_trans_data.o
LOAD obj\Release\apps\common\third_party_profile\jieli\trans_data_demo\spp_trans_data.o
LOAD obj\Release\apps\common\ui\lcd\lcd_ui_api.o
LOAD obj\Release\apps\common\ui\lcdseg\lcdseg_ui_api.o
LOAD obj\Release\apps\common\ui\led7\led7_ui_api.o
LOAD obj\Release\apps\common\update\norflash_update.o
LOAD obj\Release\apps\common\update\uart_update.o
LOAD obj\Release\apps\common\update\uart_update_master.o
LOAD obj\Release\apps\common\update\update.o
LOAD obj\Release\apps\common\usb\device\descriptor.o
LOAD obj\Release\apps\common\usb\device\hid.o
LOAD obj\Release\apps\common\usb\device\msd.o
LOAD obj\Release\apps\common\usb\device\msd_upgrade.o
LOAD obj\Release\apps\common\usb\device\task_pc.o
LOAD obj\Release\apps\common\usb\device\uac1.o
LOAD obj\Release\apps\common\usb\device\uac_stream.o
LOAD obj\Release\apps\common\usb\device\usb_device.o
LOAD obj\Release\apps\common\usb\device\user_setup.o
LOAD obj\Release\apps\common\usb\host\usb_bulk_transfer.o
LOAD obj\Release\apps\common\usb\host\usb_ctrl_transfer.o
LOAD obj\Release\apps\common\usb\host\usb_host.o
LOAD obj\Release\apps\common\usb\host\usb_storage.o
LOAD obj\Release\apps\common\usb\usb_config.o
LOAD obj\Release\apps\common\usb\usb_host_config.o
LOAD obj\Release\apps\soundbox\aec\br23\audio_aec.o
LOAD obj\Release\apps\soundbox\app_main.o
LOAD obj\Release\apps\soundbox\board\br23\board_ac6951g\board_ac6951g.o
LOAD obj\Release\apps\soundbox\board\br23\board_ac6951g\key_table\adkey_table.o
LOAD obj\Release\apps\soundbox\board\br23\board_ac6951g\key_table\iokey_table.o
LOAD obj\Release\apps\soundbox\board\br23\board_ac6951g\key_table\irkey_table.o
LOAD obj\Release\apps\soundbox\board\br23\board_ac6951g\key_table\rdec_key_table.o
LOAD obj\Release\apps\soundbox\board\br23\board_ac6951g\key_table\touch_key_table.o
LOAD obj\Release\apps\soundbox\board\br23\board_ac6952e_lighter\board_ac6952e_lighter.o
LOAD obj\Release\apps\soundbox\board\br23\board_ac6952e_lighter\key_table\adkey_table.o
LOAD obj\Release\apps\soundbox\board\br23\board_ac6952e_lighter\key_table\iokey_table.o
LOAD obj\Release\apps\soundbox\board\br23\board_ac6952e_lighter\key_table\irkey_table.o
LOAD obj\Release\apps\soundbox\board\br23\board_ac6952e_lighter\key_table\rdec_key_table.o
LOAD obj\Release\apps\soundbox\board\br23\board_ac6952e_lighter\key_table\touch_key_table.o
LOAD obj\Release\apps\soundbox\board\br23\board_ac6954a_demo\board_ac6954a_demo.o
LOAD obj\Release\apps\soundbox\board\br23\board_ac6954a_demo\key_table\adkey_table.o
LOAD obj\Release\apps\soundbox\board\br23\board_ac6954a_demo\key_table\iokey_table.o
LOAD obj\Release\apps\soundbox\board\br23\board_ac6954a_demo\key_table\irkey_table.o
LOAD obj\Release\apps\soundbox\board\br23\board_ac6954a_demo\key_table\rdec_key_table.o
LOAD obj\Release\apps\soundbox\board\br23\board_ac6954a_demo\key_table\touch_key_table.o
LOAD obj\Release\apps\soundbox\board\br23\board_ac6955f_headset_mono\board_ac6955f_headset_mono.o
LOAD obj\Release\apps\soundbox\board\br23\board_ac6955f_headset_mono\key_table\adkey_table.o
LOAD obj\Release\apps\soundbox\board\br23\board_ac6955f_headset_mono\key_table\iokey_table.o
LOAD obj\Release\apps\soundbox\board\br23\board_ac6955f_headset_mono\key_table\irkey_table.o
LOAD obj\Release\apps\soundbox\board\br23\board_ac6955f_headset_mono\key_table\rdec_key_table.o
LOAD obj\Release\apps\soundbox\board\br23\board_ac6955f_headset_mono\key_table\touch_key_table.o
LOAD obj\Release\apps\soundbox\board\br23\board_ac695x_btemitter\board_ac695x_btemitter.o
LOAD obj\Release\apps\soundbox\board\br23\board_ac695x_btemitter\key_table\adkey_table.o
LOAD obj\Release\apps\soundbox\board\br23\board_ac695x_btemitter\key_table\iokey_table.o
LOAD obj\Release\apps\soundbox\board\br23\board_ac695x_btemitter\key_table\irkey_table.o
LOAD obj\Release\apps\soundbox\board\br23\board_ac695x_btemitter\key_table\rdec_key_table.o
LOAD obj\Release\apps\soundbox\board\br23\board_ac695x_btemitter\key_table\touch_key_table.o
LOAD obj\Release\apps\soundbox\board\br23\board_ac695x_charging_bin\board_ac695x_charging_bin.o
LOAD obj\Release\apps\soundbox\board\br23\board_ac695x_charging_bin\key_table\adkey_table.o
LOAD obj\Release\apps\soundbox\board\br23\board_ac695x_charging_bin\key_table\iokey_table.o
LOAD obj\Release\apps\soundbox\board\br23\board_ac695x_charging_bin\key_table\irkey_table.o
LOAD obj\Release\apps\soundbox\board\br23\board_ac695x_charging_bin\key_table\rdec_key_table.o
LOAD obj\Release\apps\soundbox\board\br23\board_ac695x_charging_bin\key_table\touch_key_table.o
LOAD obj\Release\apps\soundbox\board\br23\board_ac695x_demo\board_ac695x_demo.o
LOAD obj\Release\apps\soundbox\board\br23\board_ac695x_demo\key_table\adkey_table.o
LOAD obj\Release\apps\soundbox\board\br23\board_ac695x_demo\key_table\iokey_table.o
LOAD obj\Release\apps\soundbox\board\br23\board_ac695x_demo\key_table\irkey_table.o
LOAD obj\Release\apps\soundbox\board\br23\board_ac695x_demo\key_table\rdec_key_table.o
LOAD obj\Release\apps\soundbox\board\br23\board_ac695x_demo\key_table\touch_key_table.o
LOAD obj\Release\apps\soundbox\board\br23\board_ac695x_multimedia_charging_bin\board_ac695x_multimedia_charging_bin.o
LOAD obj\Release\apps\soundbox\board\br23\board_ac695x_multimedia_charging_bin\key_table\adkey_table.o
LOAD obj\Release\apps\soundbox\board\br23\board_ac695x_multimedia_charging_bin\key_table\iokey_table.o
LOAD obj\Release\apps\soundbox\board\br23\board_ac695x_multimedia_charging_bin\key_table\irkey_table.o
LOAD obj\Release\apps\soundbox\board\br23\board_ac695x_multimedia_charging_bin\key_table\rdec_key_table.o
LOAD obj\Release\apps\soundbox\board\br23\board_ac695x_multimedia_charging_bin\key_table\touch_key_table.o
LOAD obj\Release\apps\soundbox\board\br23\board_ac695x_smartbox\board_ac695x_smartbox.o
LOAD obj\Release\apps\soundbox\board\br23\board_ac695x_smartbox\key_table\adkey_table.o
LOAD obj\Release\apps\soundbox\board\br23\board_ac695x_smartbox\key_table\iokey_table.o
LOAD obj\Release\apps\soundbox\board\br23\board_ac695x_smartbox\key_table\irkey_table.o
LOAD obj\Release\apps\soundbox\board\br23\board_ac695x_smartbox\key_table\rdec_key_table.o
LOAD obj\Release\apps\soundbox\board\br23\board_ac695x_smartbox\key_table\touch_key_table.o
LOAD obj\Release\apps\soundbox\board\br23\board_ac695x_soundcard\board_ac695x_soundcard.o
LOAD obj\Release\apps\soundbox\board\br23\board_ac695x_soundcard\key_table\adkey_table.o
LOAD obj\Release\apps\soundbox\board\br23\board_ac695x_soundcard\key_table\iokey_table.o
LOAD obj\Release\apps\soundbox\board\br23\board_ac695x_soundcard\key_table\irkey_table.o
LOAD obj\Release\apps\soundbox\board\br23\board_ac695x_soundcard\key_table\rdec_key_table.o
LOAD obj\Release\apps\soundbox\board\br23\board_ac695x_soundcard\key_table\touch_key_table.o
LOAD obj\Release\apps\soundbox\board\br23\board_ac695x_tws\board_ac695x_tws.o
LOAD obj\Release\apps\soundbox\board\br23\board_ac695x_tws\key_table\adkey_table.o
LOAD obj\Release\apps\soundbox\board\br23\board_ac695x_tws\key_table\iokey_table.o
LOAD obj\Release\apps\soundbox\board\br23\board_ac695x_tws\key_table\irkey_table.o
LOAD obj\Release\apps\soundbox\board\br23\board_ac695x_tws\key_table\rdec_key_table.o
LOAD obj\Release\apps\soundbox\board\br23\board_ac695x_tws\key_table\touch_key_table.o
LOAD obj\Release\apps\soundbox\board\br23\board_ac695x_tws_box\board_ac695x_tws_box.o
LOAD obj\Release\apps\soundbox\board\br23\board_ac695x_tws_box\key_table\adkey_table.o
LOAD obj\Release\apps\soundbox\board\br23\board_ac695x_tws_box\key_table\iokey_table.o
LOAD obj\Release\apps\soundbox\board\br23\board_ac695x_tws_box\key_table\irkey_table.o
LOAD obj\Release\apps\soundbox\board\br23\board_ac695x_tws_box\key_table\rdec_key_table.o
LOAD obj\Release\apps\soundbox\board\br23\board_ac695x_tws_box\key_table\touch_key_table.o
LOAD obj\Release\apps\soundbox\board\br23\irq_config.o
LOAD obj\Release\apps\soundbox\common\dev_status.o
LOAD obj\Release\apps\soundbox\common\init.o
LOAD obj\Release\apps\soundbox\common\task_table.o
LOAD obj\Release\apps\soundbox\common\tone_table.o
LOAD obj\Release\apps\soundbox\common\user_cfg.o
LOAD obj\Release\apps\soundbox\font\fontinit.o
LOAD obj\Release\apps\soundbox\log_config\app_config.o
LOAD obj\Release\apps\soundbox\log_config\lib_btctrler_config.o
LOAD obj\Release\apps\soundbox\log_config\lib_btstack_config.o
LOAD obj\Release\apps\soundbox\log_config\lib_driver_config.o
LOAD obj\Release\apps\soundbox\log_config\lib_media_config.o
LOAD obj\Release\apps\soundbox\log_config\lib_system_config.o
LOAD obj\Release\apps\soundbox\log_config\lib_update_config.o
LOAD obj\Release\apps\soundbox\module\ble_app_module.o
LOAD obj\Release\apps\soundbox\module\ble_module.o
LOAD obj\Release\apps\soundbox\module\dsp_module.o
LOAD obj\Release\apps\soundbox\power_manage\app_charge.o
LOAD obj\Release\apps\soundbox\power_manage\app_chargestore.o
LOAD obj\Release\apps\soundbox\power_manage\app_power_manage.o
LOAD obj\Release\apps\soundbox\smartbox\browser\browser.o
LOAD obj\Release\apps\soundbox\smartbox\bt_manage\bt_trans_data\le_smartbox_adv.o
LOAD obj\Release\apps\soundbox\smartbox\bt_manage\bt_trans_data\le_smartbox_module.o
LOAD obj\Release\apps\soundbox\smartbox\bt_manage\smartbox_bt_manage.o
LOAD obj\Release\apps\soundbox\smartbox\cmd_data_deal\cmd_recieve.o
LOAD obj\Release\apps\soundbox\smartbox\cmd_data_deal\cmd_recieve_no_respone.o
LOAD obj\Release\apps\soundbox\smartbox\cmd_data_deal\cmd_respone.o
LOAD obj\Release\apps\soundbox\smartbox\cmd_data_deal\cmd_user.o
LOAD obj\Release\apps\soundbox\smartbox\cmd_data_deal\command.o
LOAD obj\Release\apps\soundbox\smartbox\cmd_data_deal\data_recieve.o
LOAD obj\Release\apps\soundbox\smartbox\cmd_data_deal\data_recieve_no_respone.o
LOAD obj\Release\apps\soundbox\smartbox\cmd_data_deal\data_respone.o
LOAD obj\Release\apps\soundbox\smartbox\config.o
LOAD obj\Release\apps\soundbox\smartbox\event.o
LOAD obj\Release\apps\soundbox\smartbox\feature.o
LOAD obj\Release\apps\soundbox\smartbox\func_cmd\bt_func.o
LOAD obj\Release\apps\soundbox\smartbox\func_cmd\fm_func.o
LOAD obj\Release\apps\soundbox\smartbox\func_cmd\linein_func.o
LOAD obj\Release\apps\soundbox\smartbox\func_cmd\music_func.o
LOAD obj\Release\apps\soundbox\smartbox\func_cmd\rtc_func.o
LOAD obj\Release\apps\soundbox\smartbox\function.o
LOAD obj\Release\apps\soundbox\smartbox\smartbox.o
LOAD obj\Release\apps\soundbox\smartbox\smartbox_rcsp_manage.o
LOAD obj\Release\apps\soundbox\smartbox\smartbox_setting\adv_bt_name_setting.o
LOAD obj\Release\apps\soundbox\smartbox\smartbox_setting\adv_key_setting.o
LOAD obj\Release\apps\soundbox\smartbox\smartbox_setting\adv_led_setting.o
LOAD obj\Release\apps\soundbox\smartbox\smartbox_setting\adv_mic_setting.o
LOAD obj\Release\apps\soundbox\smartbox\smartbox_setting\adv_time_stamp_setting.o
LOAD obj\Release\apps\soundbox\smartbox\smartbox_setting\adv_work_setting.o
LOAD obj\Release\apps\soundbox\smartbox\smartbox_setting\smartbox_color_led_setting.o
LOAD obj\Release\apps\soundbox\smartbox\smartbox_setting\smartbox_eq_setting.o
LOAD obj\Release\apps\soundbox\smartbox\smartbox_setting\smartbox_high_low_vol_setting.o
LOAD obj\Release\apps\soundbox\smartbox\smartbox_setting\smartbox_misc_setting\smartbox_misc_drc_setting.o
LOAD obj\Release\apps\soundbox\smartbox\smartbox_setting\smartbox_misc_setting\smartbox_misc_reverbration_setting.o
LOAD obj\Release\apps\soundbox\smartbox\smartbox_setting\smartbox_misc_setting\smartbox_misc_setting.o
LOAD obj\Release\apps\soundbox\smartbox\smartbox_setting\smartbox_music_info_setting.o
LOAD obj\Release\apps\soundbox\smartbox\smartbox_setting\smartbox_vol_setting.o
LOAD obj\Release\apps\soundbox\smartbox\smartbox_setting_opt\smartbox_adv_bluetooth.o
LOAD obj\Release\apps\soundbox\smartbox\smartbox_setting_opt\smartbox_setting_opt.o
LOAD obj\Release\apps\soundbox\smartbox\smartbox_setting_opt\smartbox_setting_sync.o
LOAD obj\Release\apps\soundbox\smartbox\smartbox_update\rcsp_ch_loader_download.o
LOAD obj\Release\apps\soundbox\smartbox\smartbox_update\smartbox_update.o
LOAD obj\Release\apps\soundbox\smartbox\smartbox_update\smartbox_update_tws.o
LOAD obj\Release\apps\soundbox\smartbox\switch_device.o
LOAD obj\Release\apps\soundbox\soundcard\lamp.o
LOAD obj\Release\apps\soundbox\soundcard\notice.o
LOAD obj\Release\apps\soundbox\soundcard\peripheral.o
LOAD obj\Release\apps\soundbox\soundcard\soundcard.o
LOAD obj\Release\apps\soundbox\task_manager\app_common.o
LOAD obj\Release\apps\soundbox\task_manager\app_task_switch.o
LOAD obj\Release\apps\soundbox\task_manager\bt\bt.o
LOAD obj\Release\apps\soundbox\task_manager\bt\bt_ble.o
LOAD obj\Release\apps\soundbox\task_manager\bt\bt_emitter.o
LOAD obj\Release\apps\soundbox\task_manager\bt\bt_event_fun.o
LOAD obj\Release\apps\soundbox\task_manager\bt\bt_key_fun.o
LOAD obj\Release\apps\soundbox\task_manager\bt\bt_product_test.o
LOAD obj\Release\apps\soundbox\task_manager\bt\bt_switch_fun.o
LOAD obj\Release\apps\soundbox\task_manager\bt\bt_tws.o
LOAD obj\Release\apps\soundbox\task_manager\bt\vol_sync.o
LOAD obj\Release\apps\soundbox\task_manager\fm\fm.o
LOAD obj\Release\apps\soundbox\task_manager\fm\fm_api.o
LOAD obj\Release\apps\soundbox\task_manager\fm\fm_rw.o
LOAD obj\Release\apps\soundbox\task_manager\idle\idle.o
LOAD obj\Release\apps\soundbox\task_manager\linein\linein.o
LOAD obj\Release\apps\soundbox\task_manager\linein\linein_api.o
LOAD obj\Release\apps\soundbox\task_manager\linein\linein_dev.o
LOAD obj\Release\apps\soundbox\task_manager\music\music.o
LOAD obj\Release\apps\soundbox\task_manager\pc\pc.o
LOAD obj\Release\apps\soundbox\task_manager\power_off\power_off.o
LOAD obj\Release\apps\soundbox\task_manager\power_on\power_on.o
LOAD obj\Release\apps\soundbox\task_manager\record\record.o
LOAD obj\Release\apps\soundbox\task_manager\rtc\alarm_api.o
LOAD obj\Release\apps\soundbox\task_manager\rtc\alarm_user.o
LOAD obj\Release\apps\soundbox\task_manager\rtc\rtc.o
LOAD obj\Release\apps\soundbox\task_manager\rtc\rtc_simulate.o
LOAD obj\Release\apps\soundbox\task_manager\spdif\hdmi_cec_drv.o
LOAD obj\Release\apps\soundbox\task_manager\spdif\spdif.o
LOAD obj\Release\apps\soundbox\task_manager\task_key.o
LOAD obj\Release\apps\soundbox\third_party_profile\ancs_client_demo\ancs_client_demo.o
LOAD obj\Release\apps\soundbox\third_party_profile\trans_data_demo\trans_data_demo.o
LOAD obj\Release\apps\soundbox\ui\color_led\color_led_app.o
LOAD obj\Release\apps\soundbox\ui\color_led\color_led_table.o
LOAD obj\Release\apps\soundbox\ui\color_led\driver\color_led.o
LOAD obj\Release\apps\soundbox\ui\color_led\driver\color_led_driver.o
LOAD obj\Release\apps\soundbox\ui\lcd\lyrics_api.o
LOAD obj\Release\apps\soundbox\ui\lcd\STYLE_02\bt_action.o
LOAD obj\Release\apps\soundbox\ui\lcd\STYLE_02\clock_action.o
LOAD obj\Release\apps\soundbox\ui\lcd\STYLE_02\file_brower.o
LOAD obj\Release\apps\soundbox\ui\lcd\STYLE_02\fm_action.o
LOAD obj\Release\apps\soundbox\ui\lcd\STYLE_02\music_action.o
LOAD obj\Release\apps\soundbox\ui\lcd\ui_sys_param_api.o
LOAD obj\Release\apps\soundbox\ui\lcdseg\ui_bt.o
LOAD obj\Release\apps\soundbox\ui\lcdseg\ui_common.o
LOAD obj\Release\apps\soundbox\ui\lcdseg\ui_fm.o
LOAD obj\Release\apps\soundbox\ui\lcdseg\ui_fm_emitter.o
LOAD obj\Release\apps\soundbox\ui\lcdseg\ui_idle.o
LOAD obj\Release\apps\soundbox\ui\lcdseg\ui_linein.o
LOAD obj\Release\apps\soundbox\ui\lcdseg\ui_music.o
LOAD obj\Release\apps\soundbox\ui\lcdseg\ui_pc.o
LOAD obj\Release\apps\soundbox\ui\lcdseg\ui_record.o
LOAD obj\Release\apps\soundbox\ui\lcdseg\ui_rtc.o
LOAD obj\Release\apps\soundbox\ui\led7\ui_bt.o
LOAD obj\Release\apps\soundbox\ui\led7\ui_common.o
LOAD obj\Release\apps\soundbox\ui\led7\ui_fm.o
LOAD obj\Release\apps\soundbox\ui\led7\ui_fm_emitter.o
LOAD obj\Release\apps\soundbox\ui\led7\ui_idle.o
LOAD obj\Release\apps\soundbox\ui\led7\ui_linein.o
LOAD obj\Release\apps\soundbox\ui\led7\ui_music.o
LOAD obj\Release\apps\soundbox\ui\led7\ui_pc.o
LOAD obj\Release\apps\soundbox\ui\led7\ui_record.o
LOAD obj\Release\apps\soundbox\ui\led7\ui_rtc.o
LOAD obj\Release\apps\soundbox\ui\led\pwm_led_api.o
LOAD obj\Release\apps\soundbox\ui\led\pwm_led_para_table.o
LOAD obj\Release\apps\soundbox\user_api\app_pwmled_api.o
LOAD obj\Release\apps\soundbox\user_api\app_record_api.o
LOAD obj\Release\apps\soundbox\user_api\app_special_play_api.o
LOAD obj\Release\apps\soundbox\user_api\dev_multiplex_api.o
LOAD obj\Release\apps\soundbox\version.o
LOAD obj\Release\cpu\br23\adc_api.o
LOAD obj\Release\cpu\br23\app_timer.o
LOAD obj\Release\cpu\br23\audio_common\app_audio.o
LOAD obj\Release\cpu\br23\audio_common\audio_link.o
LOAD obj\Release\cpu\br23\audio_dec\audio_dec.o
LOAD obj\Release\cpu\br23\audio_dec\audio_dec_bt.o
LOAD obj\Release\cpu\br23\audio_dec\audio_dec_file.o
LOAD obj\Release\cpu\br23\audio_dec\audio_dec_fm.o
LOAD obj\Release\cpu\br23\audio_dec\audio_dec_linein.o
LOAD obj\Release\cpu\br23\audio_dec\audio_dec_midi_file.o
LOAD obj\Release\cpu\br23\audio_dec\audio_dec_pc.o
LOAD obj\Release\cpu\br23\audio_dec\audio_dec_record.o
LOAD obj\Release\cpu\br23\audio_dec\audio_dec_spdif.o
LOAD obj\Release\cpu\br23\audio_dec\audio_dec_tone.o
LOAD obj\Release\cpu\br23\audio_dec\audio_sync.o
LOAD obj\Release\cpu\br23\audio_dec\audio_usb_mic.o
LOAD obj\Release\cpu\br23\audio_dec\tone_player.o
LOAD obj\Release\cpu\br23\audio_effect\eq_config.o
LOAD obj\Release\cpu\br23\audio_enc\audio_adc_demo.o
LOAD obj\Release\cpu\br23\audio_enc\audio_enc.o
LOAD obj\Release\cpu\br23\audio_enc\audio_enc_file.o
LOAD obj\Release\cpu\br23\audio_enc\audio_enc_recoder.o
LOAD obj\Release\cpu\br23\audio_enc\audio_mic_codec.o
LOAD obj\Release\cpu\br23\audio_enc\audio_recorder_mix.o
LOAD obj\Release\cpu\br23\audio_enc\audio_sbc_codec.o
LOAD obj\Release\cpu\br23\audio_mic\effect_cfg.o
LOAD obj\Release\cpu\br23\audio_mic\effect_debug.o
LOAD obj\Release\cpu\br23\audio_mic\effect_reg.o
LOAD obj\Release\cpu\br23\audio_mic\effect_reg_echo.o
LOAD obj\Release\cpu\br23\audio_mic\effect_reg_reverb.o
LOAD obj\Release\cpu\br23\audio_mic\effect_tool.o
LOAD obj\Release\cpu\br23\audio_mic\loud_speaker.o
LOAD obj\Release\cpu\br23\audio_mic\mic_effect.o
LOAD obj\Release\cpu\br23\audio_mic\mic_stream.o
LOAD obj\Release\cpu\br23\charge.o
LOAD obj\Release\cpu\br23\chargebox_hw.o
LOAD obj\Release\cpu\br23\chargestore.o
LOAD obj\Release\cpu\br23\clock_manager.o
LOAD obj\Release\cpu\br23\ctmu.o
LOAD obj\Release\cpu\br23\iic_eeprom_test.o
LOAD obj\Release\cpu\br23\iic_hw.o
LOAD obj\Release\cpu\br23\iic_slave_test.o
LOAD obj\Release\cpu\br23\iic_soft.o
LOAD obj\Release\cpu\br23\irflt.o
LOAD obj\Release\cpu\br23\localtws\localtws.o
LOAD obj\Release\cpu\br23\localtws\localtws_dec.o
LOAD obj\Release\cpu\br23\mcpwm.o
LOAD obj\Release\cpu\br23\overlay_code.o
LOAD obj\Release\cpu\br23\plcnt.o
LOAD obj\Release\cpu\br23\port_wkup.o
LOAD obj\Release\cpu\br23\pwm_led.o
LOAD obj\Release\cpu\br23\setup.o
LOAD obj\Release\cpu\br23\spi.o
LOAD obj\Release\cpu\br23\spi_test.o
LOAD obj\Release\cpu\br23\uart_bt_product.o
LOAD obj\Release\cpu\br23\uart_dev.o
LOAD obj\Release\cpu\br23\uart_test.o
LOAD obj\Release\cpu\br23\ui_driver\interface\ui_platform.o
LOAD obj\Release\cpu\br23\ui_driver\lcd_seg\lcd1621.o
LOAD obj\Release\cpu\br23\ui_driver\lcd_seg\lcd_seg3x9_driver.o
LOAD obj\Release\cpu\br23\ui_driver\lcd_seg\lcdseg.o
LOAD obj\Release\cpu\br23\ui_driver\lcd_spi\lcd_drive.o
LOAD obj\Release\cpu\br23\ui_driver\lcd_spi\spi_lcd_st7735s.o
LOAD obj\Release\cpu\br23\ui_driver\lcd_spi\spi_lcd_st7789v.o
LOAD obj\Release\cpu\br23\ui_driver\lcd_spi\spi_lcd_st7789vw.o
LOAD obj\Release\cpu\br23\ui_driver\lcd_spi\spi_oled.o
LOAD obj\Release\cpu\br23\ui_driver\led7\led7_driver.o
LOAD obj\Release\cpu\br23\ui_driver\LED_1888\LED1888.o
LOAD obj\Release\cpu\br23\ui_driver\ui_common.o
START GROUP
LOAD include_lib/liba/br23/cpu.a
LOAD include_lib/liba/br23/system.a
LOAD include_lib/liba/br23/aec.a
LOAD include_lib/liba/br23/media.a
LOAD include_lib/liba/br23/media_app.a
LOAD include_lib/liba/br23/libAptFilt_pi32v2_OnChip.a
LOAD include_lib/liba/br23/libEchoSuppress_pi32v2_OnChip.a
LOAD include_lib/liba/br23/libNoiseSuppress_pi32v2_OnChip.a
LOAD include_lib/liba/br23/libSplittingFilter_pi32v2_OnChip.a
LOAD include_lib/liba/br23/libDelayEstimate_pi32v2_OnChip.a
LOAD include_lib/liba/br23/libSingleMicSystem_pi32v2_OnChip.a
LOAD include_lib/liba/br23/lib_esco_repair.a
LOAD include_lib/liba/br23/mp3_dec_lib.a
LOAD include_lib/liba/br23/mp3tsy_dec_lib.a
LOAD include_lib/liba/br23/wma_dec_lib.a
LOAD include_lib/liba/br23/wtg_dec_lib.a
LOAD include_lib/liba/br23/wav_dec_lib.a
LOAD include_lib/liba/br23/flac_dec_lib.a
LOAD include_lib/liba/br23/ape_dec_lib.a
LOAD include_lib/liba/br23/m4a_tws_lib.a
LOAD include_lib/liba/br23/amr_dec_lib.a
LOAD include_lib/liba/br23/dts_dec_lib.a
LOAD include_lib/liba/br23/mp3_decstream_lib.a
LOAD include_lib/liba/br23/wma_decstream_lib.a
LOAD include_lib/liba/br23/sbc_eng_lib.a
LOAD include_lib/liba/br23/compressor.a
LOAD include_lib/liba/br23/crossover_coff.a
LOAD include_lib/liba/br23/limiter.a
LOAD include_lib/liba/br23/lib_mp2_code.a
LOAD include_lib/liba/br23/lib_adpcm_code.a
LOAD include_lib/liba/br23/mp3_enc_lib.a
LOAD include_lib/liba/br23/opus_enc_lib.a
LOAD include_lib/liba/br23/speex_enc_lib.a
LOAD include_lib/liba/br23/lib_pitchshifter.a
LOAD include_lib/liba/br23/lib_pitch_speed.a
LOAD include_lib/liba/br23/lib_reverb_cal.a
LOAD include_lib/liba/br23/lib_rmono2stereo.a
LOAD include_lib/liba/br23/bfilterfun_lib.a
LOAD include_lib/liba/br23/libFFT_pi32v2_OnChip.a
LOAD include_lib/liba/br23/libOpcore_maskrom_pi32v2_OnChip.a
LOAD include_lib/liba/br23/lib_resample_cal.a
LOAD include_lib/liba/br23/crypto_toolbox_Ospeed.a
LOAD include_lib/liba/br23/lib_g726_decode.a
LOAD include_lib/liba/br23/lib_g726_code.a
LOAD include_lib/liba/br23/limiter_noiseGate.a
LOAD include_lib/liba/br23/howling.a
LOAD include_lib/liba/br23/noisegate.a
LOAD include_lib/liba/br23/shiftPhase.a
LOAD include_lib/liba/br23/pemafrow.a
LOAD include_lib/liba/br23/lib_howlings_phf.a
LOAD include_lib/liba/br23/math.a
LOAD include_lib/liba/br23/lib_midi_dec.a
LOAD include_lib/liba/br23/bt_hash_enc.a
LOAD include_lib/liba/br23/filtparam_cal_lib.a
LOAD include_lib/liba/br23/agreement.a
LOAD include_lib/liba/br23/lib_sur_cal.a
LOAD include_lib/liba/br23/lib_vbass_cal.a
LOAD include_lib/liba/br23/loudness.a
LOAD include_lib/liba/br23/rcsp_stack.a
LOAD include_lib/liba/br23/btstack.a
LOAD include_lib/liba/br23/btctrler.a
END GROUP
LOAD include_lib/liba/br23/update.a
                0x0002c000                RAM1_LIMIT_L = 0x2c000
                0x00030000                RAM1_LIMIT_H = 0x30000
                0x00000080                UPDATA_SIZE = 0x80
                0x0002ff80                UPDATA_BEG = (RAM1_LIMIT_H - UPDATA_SIZE)
                0x0002c000                RAM1_BEGIN = RAM1_LIMIT_L
                0x0002ff80                RAM1_END = (RAM1_LIMIT_H - UPDATA_SIZE)
                0x00003f80                RAM1_SIZE = (RAM1_END - RAM1_BEGIN)
                0x00000000                RAM_LIMIT_L = 0x0
                0x0002c000                RAM_LIMIT_H = 0x2c000
                0x00000100                ISR_SIZE = 0x100
                0x0002bf00                ISR_BASE = (RAM_LIMIT_H - ISR_SIZE)
                0x00000000                RAM_BEGIN = RAM_LIMIT_L
                0x0002bf00                RAM_END = (RAM_LIMIT_H - ISR_SIZE)
                0x0002bf00                RAM_SIZE = (RAM_END - RAM_BEGIN)
                0x00001400                BANK_SIZE = 0x1400
                0x00800000                PSRAM_BEG = 0x800000
                0x00200000                PSRAM_SIZE = 0x200000
                0x01e000c0                CODE_BEG = 0x1e000c0
                0x000f9000                UPDATA_BREDR_BASE_BEG = 0xf9000
                0x00000017                EQ_SECTION_NUM = 0x17
                0x001127a4                memmem = 0x1127a4
                0x001127a8                memcpy = 0x1127a8
                0x001127ac                memmove = 0x1127ac
                0x001127b0                memcmp = 0x1127b0
                0x001127b4                memset = 0x1127b4
                0x001127b8                strcmp = 0x1127b8
                0x001127bc                strcpy = 0x1127bc
                0x001127c0                strlen = 0x1127c0
                0x001127c4                strncmp = 0x1127c4
                0x001127c8                strstr = 0x1127c8
                0x001127cc                flush_dcache = 0x1127cc
                0x001127d0                flushinv_dcache = 0x1127d0
                0x001127d4                sfc_suspend = 0x1127d4
                0x001127d8                sfc_resume = 0x1127d8
                0x001127e0                chip_crc16 = 0x1127e0
                0x001127f0                nvram_set_boot_state = 0x1127f0
                0x0002bf00                _IRQ_MEM_ADDR = 0x2bf00
                0x0002bdc0                _MASK_MEM_BEGIN = 0x2bdc0
                0x0000012c                _MASK_MEM_SIZE = 0x12c
                0x00800000                . = ORIGIN (psram)

.psram_text     0x00800000        0x0

.psram
                0x01e00120                . = ORIGIN (code0)

.text           0x01e00120    0x7b678
                0x01e00120                text_code_begin = .
                [!provide]                PROVIDE (text_rodata_begin, .)
 *startup.o(.text)
 .text          0x01e00120       0x9a include_lib/liba/br23/cpu.a(startup.o)
                0x01e00120                _start
                0x01e001ba                bank_stub_start = .
 *(.bank.stub.*)
                0x00000000                bank_stub_size = (. - bank_stub_start)
 *(.text*)
 .text          0x01e001ba    0x16a76 cpu\br23\tools\sdk.elf.o
                0x01e02534                update_result_get
                0x01e02ee8                __errno
                0x01e02f1e                main
                0x01e10f9a                app_load_common_code
                0x01e11e8c                exception_analyze
 .text._ZN3FFTI9floatReal12floatComplexEC2Eii
                0x01e16c30       0x2c cpu\br23\tools\sdk.elf.o
 .text._Z15VectorMulScalarRK6VectorI9floatRealERK6ScalarIS0_ERS1_
                0x01e16c5c       0x2a cpu\br23\tools\sdk.elf.o
 .text._ZNK6MatrixI12floatComplexEclEiiii
                0x01e16c86       0x3a cpu\br23\tools\sdk.elf.o
 .text._ZNK6VectorI9floatRealEclEiii
                0x01e16cc0       0x32 cpu\br23\tools\sdk.elf.o
 .text._ZNK6VectorI12floatComplexEclEiii
                0x01e16cf2       0x32 cpu\br23\tools\sdk.elf.o
 .text._Z10VectorCopyRK6VectorI9floatRealERS_I11fixHalfRealE
                0x01e16d24       0x2a cpu\br23\tools\sdk.elf.o
 .text._ZN12STFTAnalyserI9floatReal12floatComplex11fixHalfRealEC2EPS0_iiRK6VectorIS2_ER3FFTIS0_S1_E
                0x01e16d4e       0x4e cpu\br23\tools\sdk.elf.o
 .text._Z10VectorCopyRK6VectorI9floatRealERS1_
                0x01e16d9c       0x24 cpu\br23\tools\sdk.elf.o
 .text._ZN15STFTSynthesizerI9floatReal12floatComplex11fixHalfRealEC2EPS0_iiRK6VectorIS2_ER3FFTIS0_S1_E
                0x01e16dc0       0x4e cpu\br23\tools\sdk.elf.o
 .text._Z9VectorSetRK6ScalarI9floatRealER6VectorIS0_E
                0x01e16e0e       0x16 cpu\br23\tools\sdk.elf.o
 .text._Z16VectorMeanSquareRK6VectorI11fixHalfRealER6ScalarI9floatRealE
                0x01e16e24       0x38 cpu\br23\tools\sdk.elf.o
 .text._ZN13dynamicVectorI12floatComplex9floatRealEC2ER9AllocatorIS1_Eii
                0x01e16e5c       0x2c cpu\br23\tools\sdk.elf.o
 .text._Z18MatrixAccessColumnRK6MatrixI12floatComplexER6VectorIS0_Ei
                0x01e16e88       0x20 cpu\br23\tools\sdk.elf.o
 .text._Z10MatrixCopyRK6MatrixI12floatComplexERS1_
                0x01e16ea8       0x4c cpu\br23\tools\sdk.elf.o
 .text._Z18VectorOverlapShiftRK6VectorI11fixHalfRealERS_I9floatRealEi
                0x01e16ef4       0x60 cpu\br23\tools\sdk.elf.o
 .text._Z23MatrixEwMulAndSumOneDimRK6MatrixI12floatComplexES3_R6VectorIS0_Ei
                0x01e16f54       0x88 cpu\br23\tools\sdk.elf.o
 .text._Z11VectorMinusRK6VectorI11fixHalfRealERKS_I9floatRealERS5_
                0x01e16fdc       0x3e cpu\br23\tools\sdk.elf.o
 .text._Z16VectorMeanSquareRK6VectorI9floatRealER6ScalarIS0_E
                0x01e1701a       0x32 cpu\br23\tools\sdk.elf.o
 .text._Z7logAprxI9floatRealEvRK6ScalarIT_ERS3_
                0x01e1704c       0x34 cpu\br23\tools\sdk.elf.o
 .text._Z9log10AprxI9floatRealEvRK6ScalarIT_ERS3_
                0x01e17080       0x1a cpu\br23\tools\sdk.elf.o
 .text._Z6mag2dbI9floatRealEvRK6ScalarIT_ERS3_
                0x01e1709a       0x1a cpu\br23\tools\sdk.elf.o
 .text._Z25VectorMagRecursiveAverageRK6VectorI12floatComplexERS_I9floatRealERK6ScalarIS4_E
                0x01e170b4       0x3c cpu\br23\tools\sdk.elf.o
 .text._Z15VectorMulScalarRK6VectorI12floatComplexERK6ScalarI9floatRealERS1_
                0x01e170f0       0x2e cpu\br23\tools\sdk.elf.o
 .text._Z24VectorConjElementwiseMulRK6VectorI12floatComplexES3_RS1_
                0x01e1711e       0x44 cpu\br23\tools\sdk.elf.o
 .text._Z10VectorPlusRK6VectorI9floatRealES3_RS1_
                0x01e17162       0x38 cpu\br23\tools\sdk.elf.o
 .text._Z12VectorDivideRK6VectorI12floatComplexERKS_I9floatRealERS1_RK6ScalarIS4_E
                0x01e1719a       0x3e cpu\br23\tools\sdk.elf.o
 .text._Z10VectorPlusRK6VectorI12floatComplexES3_RS1_
                0x01e171d8       0x40 cpu\br23\tools\sdk.elf.o
 .text._ZN13dynamicVectorI12floatComplex9floatRealED2Ev
                0x01e17218       0x1c cpu\br23\tools\sdk.elf.o
 .text._ZN11VectorArrayI11fixHalfRealEC2ERK6VectorIS0_Ei
                0x01e17234       0x2e cpu\br23\tools\sdk.elf.o
 .text._Z18VectorOverlapShiftRK6VectorI11fixHalfRealERS1_i
                0x01e17262        0x4 cpu\br23\tools\sdk.elf.o
 .text._Z20VectorElementwiseMulRK6VectorI11fixHalfRealES3_RS_I9floatRealE
                0x01e17266       0x64 cpu\br23\tools\sdk.elf.o
 .text._ZN11VectorArrayI12floatComplexEppEi
                0x01e172ca        0xa cpu\br23\tools\sdk.elf.o
 .text._ZN12STFTAnalyserI9floatReal12floatComplex11fixHalfRealE7AnalyseERK6VectorIS2_ER11VectorArrayIS1_EP9AllocatorIS0_E
                0x01e172d4       0x98 cpu\br23\tools\sdk.elf.o
 .text._Z9VectorMaxRK6ScalarI9floatRealER6VectorIS0_E
                0x01e1736c       0x20 cpu\br23\tools\sdk.elf.o
 .text._Z22VectorElementwiseShiftRK6VectorI9floatRealERS1_i
                0x01e1738c        0x4 cpu\br23\tools\sdk.elf.o
 .text._Z22VectorRecursiveAverageRK6VectorI9floatRealERS1_RK6ScalarIS0_E
                0x01e17390       0x38 cpu\br23\tools\sdk.elf.o
 .text._Z9VectorMinRK6VectorI9floatRealES3_RS1_
                0x01e173c8        0x4 cpu\br23\tools\sdk.elf.o
 .text._Z12VectorDivideRK6VectorI9floatRealES3_RS1_RK6ScalarIS0_E
                0x01e173cc        0x6 cpu\br23\tools\sdk.elf.o
 .text._Z11VectorMinusRK6VectorI9floatRealES3_RS1_
                0x01e173d2       0x38 cpu\br23\tools\sdk.elf.o
 .text._Z20VectorElementwiseMulRK6VectorI9floatRealES3_RS1_
                0x01e1740a       0x30 cpu\br23\tools\sdk.elf.o
 .text._Z9VectorMinRK6ScalarI9floatRealER6VectorIS0_E
                0x01e1743a       0x20 cpu\br23\tools\sdk.elf.o
 .text._Z20VectorElementwiseMulRK6VectorI12floatComplexERKS_I9floatRealERS1_
                0x01e1745a       0x36 cpu\br23\tools\sdk.elf.o
 .text._Z20VectorElementwiseMulRK6VectorI9floatRealERKS_I11fixHalfRealERS1_
                0x01e17490       0x4c cpu\br23\tools\sdk.elf.o
 .text._ZN15STFTSynthesizerI9floatReal12floatComplex11fixHalfRealE10SynthesizeERK11VectorArrayIS1_ER6VectorIS2_EP9AllocatorIS0_E
                0x01e174dc      0x10a cpu\br23\tools\sdk.elf.o
 .text._Z20VectorElementwiseMulRK6VectorI11fixHalfRealERKS_I9floatRealERS1_
                0x01e175e6       0x40 cpu\br23\tools\sdk.elf.o
 .text._ZN13dynamicVectorI7fixRealS0_EC2ER9AllocatorIS0_Eii
                0x01e17626       0x26 cpu\br23\tools\sdk.elf.o
 .text._Z10VectorCopyRK6VectorI11fixHalfRealERS_I7fixRealE
                0x01e1764c        0x4 cpu\br23\tools\sdk.elf.o
 .text._ZNK6VectorI7fixRealEclEiii
                0x01e17650       0x3c cpu\br23\tools\sdk.elf.o
 .text._Z22VectorElementwiseShiftRK6VectorI7fixRealERS1_i
                0x01e1768c        0x4 cpu\br23\tools\sdk.elf.o
 .text._Z10VectorPlusRK6VectorI7fixRealES3_RS1_
                0x01e17690        0x4 cpu\br23\tools\sdk.elf.o
 .text._Z11VectorMinusRK6VectorI7fixRealES3_RS1_
                0x01e17694        0x4 cpu\br23\tools\sdk.elf.o
 .text._Z10VectorCopyRK6VectorI7fixRealERS_I11fixHalfRealE
                0x01e17698        0x4 cpu\br23\tools\sdk.elf.o
 .text._ZN15StaticAllocatorI9floatRealE5allocEj
                0x01e1769c        0xc cpu\br23\tools\sdk.elf.o
 .text._Z29VectorConjMulRecursiveAverageRK6VectorI12floatComplexES3_RS1_RK6ScalarI9floatRealE
                0x01e176a8       0x54 cpu\br23\tools\sdk.elf.o
 .text._Z12VectorGetMagRK6VectorI12floatComplexERS_I9floatRealE
                0x01e176fc       0x2c cpu\br23\tools\sdk.elf.o
 .text._Z15VectorMagAndDivRK6VectorI12floatComplexERKS_I9floatRealERK6ScalarIS4_ERS5_
                0x01e17728       0x40 cpu\br23\tools\sdk.elf.o
 .text._ZNK6VectorI9floatRealEclERK10Vectorzone
                0x01e17768       0x36 cpu\br23\tools\sdk.elf.o
 .text._Z10VectorMeanRK6VectorI9floatRealER6ScalarIS0_E
                0x01e1779e       0x30 cpu\br23\tools\sdk.elf.o
 .text._Z22VectorTernaryOperationRKPFvRK6ScalarI9floatRealES3_RS1_ERK6VectorIS0_ESC_RSA_
                0x01e177ce       0x6c cpu\br23\tools\sdk.elf.o
 .text._ZNK6VectorI12floatComplexEclERK10Vectorzone
                0x01e1783a       0x36 cpu\br23\tools\sdk.elf.o
 .text._Z16VectorMeanSquareRK6VectorI12floatComplexER6ScalarI9floatRealE
                0x01e17870       0x3e cpu\br23\tools\sdk.elf.o
 .text._Z7expAprxI9floatRealEvRK6ScalarIT_ERS3_
                0x01e178ae       0x40 cpu\br23\tools\sdk.elf.o
 .text._ZN15StaticAllocatorI9floatRealE4freeEPS0_j
                0x01e178ee        0x8 cpu\br23\tools\sdk.elf.o
 .text._Z7powAprxI9floatRealEvRK6ScalarIT_ES5_RS3_
                0x01e178f6       0x3a cpu\br23\tools\sdk.elf.o
 .text._Z8magnAprxI12floatComplex9floatRealEvRK6ScalarIT_ERS2_IT0_E
                0x01e17930        0x4 cpu\br23\tools\sdk.elf.o
 .text._ZN15StaticAllocatorI7fixRealE5allocEj
                0x01e17934        0xc cpu\br23\tools\sdk.elf.o
 .text._ZN15StaticAllocatorI7fixRealE4freeEPS0_j
                0x01e17940        0x8 cpu\br23\tools\sdk.elf.o
 .text          0x01e17948        0x0 include_lib/liba/br23/cpu.a(fm_dem.o)
 .text          0x01e17948        0x0 include_lib/liba/br23/ape_dec_lib.a(ape_dec_asm.o)
 .text          0x01e17948        0x0 include_lib/liba/br23/lib_mp2_code.a(mp2code_main.o)
 .text          0x01e17948        0x0 include_lib/liba/br23/lib_mp2_code.a(encodemp2.o)
 .text          0x01e17948        0x0 include_lib/liba/br23/lib_mp2_code.a(mp2dsp.o)
 .text          0x01e17948        0x0 include_lib/liba/br23/lib_adpcm_code.a(en_adpcm_main.o)
 .text          0x01e17948        0x0 include_lib/liba/br23/lib_adpcm_code.a(en_adpcm.o)
 .text          0x01e17948        0x0 include_lib/liba/br23/mp3_enc_lib.a(mp3_enc_fun.o)
 .text          0x01e17948       0xf8 include_lib/liba/br23/lib_g726_code.a(test_encode_main.o)
                0x01e17a38                get_eng726_ops
 .text          0x01e17a40      0x586 include_lib/liba/br23/lib_g726_code.a(g726_encode.o)
                0x01e17ada                g726_coder
 .text          0x01e17fc6      0x10c C:\JL\pi32\pi32v2-lib\r3\libm.a(lib_a-s_ceil.o)
                0x01e17fc6                ceil
 .text          0x01e180d2       0xa2 C:\JL\pi32\pi32v2-lib\r3\libm.a(lib_a-s_round.o)
                0x01e180d2                round
 .text          0x01e18174       0xce C:\JL\pi32\pi32v2-lib\r3\libm.a(lib_a-w_exp.o)
                0x01e18174                exp
 .text          0x01e18242      0x28e C:\JL\pi32\pi32v2-lib\r3\libm.a(lib_a-w_pow.o)
                0x01e18242                pow
 .text          0x01e184d0      0x280 C:\JL\pi32\pi32v2-lib\r3\libm.a(lib_a-e_exp.o)
                0x01e184d0                __ieee754_exp
 .text          0x01e18750      0x84a C:\JL\pi32\pi32v2-lib\r3\libm.a(lib_a-e_pow.o)
                0x01e18750                __ieee754_pow
 .text          0x01e18f9a      0x14a C:\JL\pi32\pi32v2-lib\r3\libm.a(lib_a-e_sqrt.o)
                0x01e18f9a                __ieee754_sqrt
 .text          0x01e190e4        0x4 C:\JL\pi32\pi32v2-lib\r3\libm.a(lib_a-s_fabs.o)
                0x01e190e4                fabs
 .text          0x01e190e8       0x10 C:\JL\pi32\pi32v2-lib\r3\libm.a(lib_a-s_finite.o)
                0x01e190e8                finite
 .text          0x01e190f8       0x62 C:\JL\pi32\pi32v2-lib\r3\libm.a(lib_a-s_fpclassify.o)
                0x01e190f8                __fpclassifyd
 .text          0x01e1915a        0x0 C:\JL\pi32\pi32v2-lib\r3\libm.a(lib_a-s_lib_ver.o)
 .text          0x01e1915a        0x4 C:\JL\pi32\pi32v2-lib\r3\libm.a(lib_a-s_matherr.o)
                0x01e1915a                matherr
 .text          0x01e1915e        0xa C:\JL\pi32\pi32v2-lib\r3\libm.a(lib_a-s_nan.o)
                0x01e1915e                nan
 .text          0x01e19168      0x120 C:\JL\pi32\pi32v2-lib\r3\libm.a(lib_a-s_rint.o)
                0x01e19168                rint
 .text          0x01e19288       0xe2 C:\JL\pi32\pi32v2-lib\r3\libm.a(lib_a-s_scalbn.o)
                0x01e19288                scalbn
 .text          0x01e1936a       0x20 C:\JL\pi32\pi32v2-lib\r3\libm.a(lib_a-s_copysign.o)
                0x01e1936a                copysign
 .text          0x01e1938a        0x0 C:\JL\pi32\pi32v2-lib\r3\libc.a(lib_a-ctype_.o)
 .text          0x01e1938a       0x38 C:\JL\pi32\pi32v2-lib\r3\libc.a(lib_a-memcmp.o)
 .text          0x01e193c2       0xc2 C:\JL\pi32\pi32v2-lib\r3\libc.a(lib_a-memcpy.o)
 .text          0x01e19484       0x28 C:\JL\pi32\pi32v2-lib\r3\libc.a(lib_a-memmem.o)
 .text          0x01e194ac       0x2c C:\JL\pi32\pi32v2-lib\r3\libc.a(lib_a-memset.o)
 .text          0x01e194d8       0x18 C:\JL\pi32\pi32v2-lib\r3\libc.a(lib_a-strcat.o)
                0x01e194d8                strcat
 .text          0x01e194f0       0x14 C:\JL\pi32\pi32v2-lib\r3\libc.a(lib_a-strchr.o)
                0x01e194f0                strchr
 .text          0x01e19504       0xa0 C:\JL\pi32\pi32v2-lib\r3\libc.a(lib_a-strcmp.o)
 .text          0x01e195a4       0x6e C:\JL\pi32\pi32v2-lib\r3\libc.a(lib_a-strcpy.o)
 .text          0x01e19612        0xc C:\JL\pi32\pi32v2-lib\r3\libc.a(lib_a-strlen.o)
 .text          0x01e1961e       0x20 C:\JL\pi32\pi32v2-lib\r3\libc.a(lib_a-strncmp.o)
 .text          0x01e1963e       0x26 C:\JL\pi32\pi32v2-lib\r3\libc.a(lib_a-strncpy.o)
                0x01e1963e                strncpy
 .text          0x01e19664       0x24 C:\JL\pi32\pi32v2-lib\r3\libc.a(lib_a-strrchr.o)
                0x01e19664                strrchr
 .text          0x01e19688       0x2a C:\JL\pi32\pi32v2-lib\r3\libc.a(lib_a-strstr.o)
 .text          0x01e196b2       0x10 C:\JL\pi32\pi32v2-lib\r3\libc.a(lib_a-strtok.o)
                0x01e196b2                strtok
 .text          0x01e196c2       0x54 C:\JL\pi32\pi32v2-lib\r3\libc.a(lib_a-strtok_r.o)
                0x01e196c2                __strtok_r
                0x01e19712                strtok_r
 .text          0x01e19716        0x0 C:\JL\pi32\pi32v2-lib\r3\libc.a(lib_a-impure.o)
 .text          0x01e19716      0x314 C:\JL\pi32\pi32v2-lib\r3\libcompiler-rt.a(adddf3.o)
                0x01e19756                __adddf3
 .text          0x01e19a2a      0x1a0 C:\JL\pi32\pi32v2-lib\r3\libcompiler-rt.a(comparedf2.o)
                0x01e19a2a                __ledf2
                0x01e19a2a                __cmpdf2
                0x01e19ada                __gedf2
                0x01e19b82                __unorddf2
                0x01e19bc2                __eqdf2
                0x01e19bc4                __ltdf2
                0x01e19bc6                __nedf2
                0x01e19bc8                __gtdf2
 .text          0x01e19bca      0x346 C:\JL\pi32\pi32v2-lib\r3\libcompiler-rt.a(divdf3.o)
                0x01e19c00                __divdf3
 .text          0x01e19f10       0x54 C:\JL\pi32\pi32v2-lib\r3\libcompiler-rt.a(fixdfsi.o)
                0x01e19f10                __fixdfsi
 .text          0x01e19f64       0x4c C:\JL\pi32\pi32v2-lib\r3\libcompiler-rt.a(floatsidf.o)
                0x01e19f64                __floatsidf
 .text          0x01e19fb0      0x2fa C:\JL\pi32\pi32v2-lib\r3\libcompiler-rt.a(muldf3.o)
                0x01e19fe6                __muldf3
 .text          0x01e1a2aa        0x6 C:\JL\pi32\pi32v2-lib\r3\libcompiler-rt.a(subdf3.o)
                0x01e1a2aa                __subdf3
 .text          0x01e1a2b0       0x5a C:\JL\pi32\pi32v2-lib\r3\libcompiler-rt.a(divdi3.o)
                0x01e1a2b0                __divdi3
 .text          0x01e1a30a       0x7a C:\JL\pi32\pi32v2-lib\r3\libcompiler-rt.a(extendsfdf2.o)
                0x01e1a30a                __extendsfdf2
 .text          0x01e1a384       0x3c C:\JL\pi32\pi32v2-lib\r3\libcompiler-rt.a(fixunsdfsi.o)
                0x01e1a384                __fixunsdfsi
 .text          0x01e1a3c0       0x34 C:\JL\pi32\pi32v2-lib\r3\libcompiler-rt.a(floatunsidf.o)
                0x01e1a3c0                __floatunsidf
 .text          0x01e1a3f4      0x142 C:\JL\pi32\pi32v2-lib\r3\libcompiler-rt.a(truncdfsf2.o)
                0x01e1a3f4                __truncdfsf2
 .text          0x01e1a536       0x10 C:\JL\pi32\pi32v2-lib\r3\libcompiler-rt.a(udivdi3.o)
                0x01e1a536                __udivdi3
 .text          0x01e1a546      0x226 C:\JL\pi32\pi32v2-lib\r3\libcompiler-rt.a(udivmoddi4.o)
                0x01e1a546                __udivmoddi4
 *(.LOG_TAG_CONST*)
 *(.rodata*)
 .rodata.str1.1
                0x01e1a76c     0x1568 cpu\br23\tools\sdk.elf.o
                               0x15d3 (size before relaxing)
 *fill*         0x01e1bcd4        0xc 
 .rodata.str1.16
                0x01e1bce0      0x770 cpu\br23\tools\sdk.elf.o
                                0x76a (size before relaxing)
 .rodata        0x01e1c450     0xb2c8 cpu\br23\tools\sdk.elf.o
 .rodata.cst4   0x01e27718        0x4 cpu\br23\tools\sdk.elf.o
 .rodata.cst16  0x01e2771c       0x10 cpu\br23\tools\sdk.elf.o
 .rodata.cst32  0x01e2772c       0x40 cpu\br23\tools\sdk.elf.o
 .rodata._ZTV15StaticAllocatorI9floatRealE
                0x01e2776c       0x10 cpu\br23\tools\sdk.elf.o
 .rodata._ZTV15StaticAllocatorI7fixRealE
                0x01e2777c       0x10 cpu\br23\tools\sdk.elf.o
 .rodata.cst8   0x01e2778c        0x8 cpu\br23\tools\sdk.elf.o
 .rodata        0x01e27794       0x18 include_lib/liba/br23/lib_g726_code.a(test_encode_main.o)
                0x01e27794                eng726_ops
 .rodata        0x01e277ac       0x58 include_lib/liba/br23/lib_g726_code.a(g726_encode.o)
 .rodata.cst32  0x01e27804       0x60 include_lib/liba/br23/lib_g726_code.a(g726_encode.o)
 .rodata.str1.1
                0x01e27864        0x4 C:\JL\pi32\pi32v2-lib\r3\libm.a(lib_a-w_exp.o)
 .rodata.str1.1
                0x01e27868        0x4 C:\JL\pi32\pi32v2-lib\r3\libm.a(lib_a-w_pow.o)
 .rodata.cst16  0x01e2786c       0x30 C:\JL\pi32\pi32v2-lib\r3\libm.a(lib_a-e_exp.o)
 .rodata.str1.1
                0x01e2789c        0x4 C:\JL\pi32\pi32v2-lib\r3\libm.a(lib_a-e_pow.o)
                                  0x1 (size before relaxing)
 .rodata.cst16  0x01e2789c       0x30 C:\JL\pi32\pi32v2-lib\r3\libm.a(lib_a-e_pow.o)
 .rodata.cst16  0x01e278cc       0x10 C:\JL\pi32\pi32v2-lib\r3\libm.a(lib_a-s_rint.o)
 .rodata        0x01e278dc      0x281 C:\JL\pi32\pi32v2-lib\r3\libc.a(lib_a-ctype_.o)
                0x01e27a5c                _ctype_
 *fill*         0x01e27b5d        0x3 
 .rodata        0x01e27b60        0x4 C:\JL\pi32\pi32v2-lib\r3\libc.a(lib_a-impure.o)
                0x01e27b60                _global_impure_ptr
 .rodata.str1.1
                0x01e27b64        0x4 C:\JL\pi32\pi32v2-lib\r3\libc.a(lib_a-impure.o)
                                  0x2 (size before relaxing)
 *(.aac_data)
 *(.aac_const)
 *(.aac_code)
 *(.alac_data)
 *(.alac_const)
 *(.alac_code)
 *(.alac_dec_code)
 *(.bt_aac_dec_eng_const)
 *(.bt_aac_dec_eng_code)
 *(.bt_aac_dec_core_code)
 *(.bt_aac_dec_core_sparse_code)
 *(.dts_dec_const)
                0x01e27b68                . = ALIGN (0x4)
                0x01e27b68                gsensor_dev_begin = .
 *(.gsensor_dev)
                0x01e27b68                gsensor_dev_end = .
                0x01e27b68                . = ALIGN (0x4)
                0x01e27b68                hrsensor_dev_begin = .
 *(.hrsensor_dev)
                0x01e27b68                hrsensor_dev_end = .
                0x01e27b68                . = ALIGN (0x4)
                0x01e27b68                fm_dev_begin = .
 *(.fm_dev)
 .fm_dev        0x01e27b64       0x28 cpu\br23\tools\sdk.elf.o
                0x01e27b8c                fm_dev_end = .
                0x01e27b8c                . = ALIGN (0x4)
                0x01e27b8c                fm_emitter_dev_begin = .
 *(.fm_emitter_dev)
                0x01e27b8c                fm_emitter_dev_end = .
                0x01e27b8c                chargeIc_dev_begin = .
 *(.chargeIc_dev)
                0x01e27b8c                chargeIc_dev_end = .
                0x01e27b8c                . = ALIGN (0x4)
 *(.opcore_table_maskrom)
 *(.bfilt_table_maskroom)
 .bfilt_table_maskroom
                0x01e27b8c      0x338 cpu\br23\tools\sdk.elf.o
                0x01e27b8c                bsinc_tab_6
                0x01e27dd0                bsinc_tab_6_l
 *(.opcore_maskrom)
 .opcore_maskrom
                0x01e27ec4      0x2ca cpu\br23\tools\sdk.elf.o
 *(.bfilt_code)
 .bfilt_code    0x01e2818e      0x10c cpu\br23\tools\sdk.elf.o
 *(.bfilt_const)
                0x01e2829c                . = ALIGN (0x4)
 *fill*         0x01e2829a        0x2 
                0x01e2829c                btctler_code_start = .
                0x01e2829c                BTCTLER_CONTROLLER_CODE_START = .
 *(.bt_rf_const)
 .bt_rf_const   0x01e2829c      0x461 cpu\br23\tools\sdk.elf.o
 *(.bt_rf_code)
 *fill*         0x01e286fd        0x1 
 .bt_rf_code    0x01e286fe     0x14ca cpu\br23\tools\sdk.elf.o
 *(.vendor_manager_const)
 *(.vendor_manager_code)
 *(.device_manager_const)
 *(.device_manager_code)
 *(.hci_controller_const)
 .hci_controller_const
                0x01e29bc8       0x28 cpu\br23\tools\sdk.elf.o
 *(.hci_controller_code)
 .hci_controller_code
                0x01e29bf0      0x55a cpu\br23\tools\sdk.elf.o
 *(.hci_interface_const)
 *(.hci_interface_code)
                0x00001eae                BTCTLER_CONTROLLER_CODE_SIZE = ABSOLUTE ((. - BTCTLER_CONTROLLER_CODE_START))
                0x01e2a14a                BTCTLER_LE_CONTROLLER_CODE_START = .
 *(.ble_rf_const)
 *fill*         0x01e2a14a        0x2 
 .ble_rf_const  0x01e2a14c       0x24 cpu\br23\tools\sdk.elf.o
 *(.ble_rf_code)
 .ble_rf_code   0x01e2a170     0x225a cpu\br23\tools\sdk.elf.o
 *(.ble_ll_const)
 *fill*         0x01e2c3ca        0x2 
 .ble_ll_const  0x01e2c3cc       0x7c cpu\br23\tools\sdk.elf.o
 *(.ble_ll_code)
 .ble_ll_code   0x01e2c448     0x1afc cpu\br23\tools\sdk.elf.o
 *(.ble_hci_const)
 .ble_hci_const
                0x01e2df44       0x19 cpu\br23\tools\sdk.elf.o
 *(.ble_hci_code)
 *fill*         0x01e2df5d        0x1 
 .ble_hci_code  0x01e2df5e      0x63a cpu\br23\tools\sdk.elf.o
                0x0000444e                BTCTLER_LE_CONTROLLER_CODE_SIZE = ABSOLUTE ((. - BTCTLER_LE_CONTROLLER_CODE_START))
                0x01e2e598                BTCTLER_CL_CODE_START = .
 *(.bredr_irq)
 *(.bredr_irq_code)
 *(.bredr_irq_const)
 *(.classic_lmp_const)
 .classic_lmp_const
                0x01e2e598        0xa cpu\br23\tools\sdk.elf.o
 *(.classic_lmp_linkbulk_const)
 *(.classic_lmp_code)
 .classic_lmp_code
                0x01e2e5a2     0x5f88 cpu\br23\tools\sdk.elf.o
 *(.classic_lmp_linkbulk_code)
 *(.classic_hci_const)
 *(.classic_hci_code)
                0x01e3452a                LMP_ENC_CODE_START = .
 *(.classic_lmp_auth_const)
 .classic_lmp_auth_const
                0x01e3452a      0x4f0 cpu\br23\tools\sdk.elf.o
 *(.classic_lmp_bigint_const)
 *(.classic_lmp_crypt_const)
 *(.classic_lmp_ecdh_const)
 *(.classic_lmp_hmac_const)
 *(.classic_lmp_auth_code)
 .classic_lmp_auth_code
                0x01e34a1a      0x640 cpu\br23\tools\sdk.elf.o
 *(.classic_lmp_bigint_code)
 *(.classic_lmp_crypt_code)
 *(.classic_lmp_ecdh_code)
 *(.classic_lmp_hmac_code)
                0x00000b30                LMP_ENC_CODE_SIZE = ABSOLUTE ((. - LMP_ENC_CODE_START))
 *(.classic_rf_const)
 *fill*         0x01e3505a        0x2 
 .classic_rf_const
                0x01e3505c      0x73d cpu\br23\tools\sdk.elf.o
 *(.classic_rf_code)
 *fill*         0x01e35799        0x1 
 .classic_rf_code
                0x01e3579a     0x53a8 cpu\br23\tools\sdk.elf.o
 *(.classic_bb_const)
 *(.classic_bb_code)
                0x0000c5aa                BTCTLER_CL_CODE_SIZE = ABSOLUTE ((. - BTCTLER_CL_CODE_START))
                0x01e3ab44                . = ALIGN (0x4)
 *fill*         0x01e3ab42        0x2 
 *(.classic_tws_const)
 *(.classic_tws_code)
 .classic_tws_code
                0x01e3ab44       0x38 cpu\br23\tools\sdk.elf.o
 *(.classic_tws_code.esco)
 *(.tws_media_sync_code)
 *(.tws_media_sync_const)
 *(.tws_data_forward_code)
 *(.tws_data_forward_const)
                0x01e3ab7c                . = ALIGN (0x4)
                0x01e3ab7c                tws_func_stub_begin = .
 *(.tws_func_stub)
 .tws_func_stub
                0x01e3ab7c       0x10 cpu\br23\tools\sdk.elf.o
                0x01e3ab8c                tws_func_stub_end = .
 *(.lmp_irq_code)
 .lmp_irq_code  0x01e3ab8c      0x180 cpu\br23\tools\sdk.elf.o
 *(.link_bulk_code)
 .link_bulk_code
                0x01e3ad0c      0x4ac cpu\br23\tools\sdk.elf.o
 *(.frame_irq_code)
                0x01e3b1b8                . = ALIGN (0x4)
 *(.link_task_const)
 .link_task_const
                0x01e3b1b8        0x8 cpu\br23\tools\sdk.elf.o
 *(.link_task_code)
 .link_task_code
                0x01e3b1c0      0x6e4 cpu\br23\tools\sdk.elf.o
                0x01e3b8a4                . = ALIGN (0x4)
 *(.classic_irq_const)
 *(.classic_irq_code)
                0x01e3b8a4                . = ALIGN (0x4)
 *(.tws_irq_code)
                0x01e3b8a4                . = ALIGN (0x4)
                0x01e3b8a4                tws_sync_call_begin = .
 *(.tws_sync_call)
 .tws_sync_call
                0x01e3b8a4       0x18 cpu\br23\tools\sdk.elf.o
                0x01e3b8bc                tws_sync_call_end = .
                0x01e3b8bc                . = ALIGN (0x4)
                0x01e3b8bc                tws_sync_channel_begin = .
 *(.tws_sync_channel.0)
 *(.tws_sync_channel.1)
 *(.tws_sync_channel.2)
 *(.tws_sync_channel.3)
 *(.tws_sync_channel.4)
 *(.tws_sync_channel.5)
 *(.tws_sync_channel.6)
 *(.tws_sync_channel.7)
 *(.tws_sync_channel.8)
 *(.tws_sync_channel.9)
 *(.tws_sync_channel.10)
 *(.tws_sync_channel.11)
 *(.tws_sync_channel.12)
 *(.tws_sync_channel.13)
                0x01e3b8bc                tws_sync_channel_end = .
                0x01e3b8bc                btctler_code_end = .
                0x01e3b8bc                . = ALIGN (0x4)
                0x01e3b8bc                . = ALIGN (0x4)
                0x01e3b8bc                btstack_code_start = .
                0x01e3b8bc                . = ALIGN (0x4)
                0x01e3b8bc                a2dp_source_media_codec_begin = .
 *(.a2dp_source_media_codec)
 .a2dp_source_media_codec
                0x01e3b8bc       0x18 cpu\br23\tools\sdk.elf.o
                0x01e3b8bc                a2dp_source_codec
                0x01e3b8d4                a2dp_source_media_codec_end = .
                0x01e3b8d4                a2dp_sink_media_probe_begin = .
 *(.a2dp_sink_media_probe)
                0x01e3b8d4                a2dp_sink_media_probe_end = .
                0x01e3b8d4                a2dp_sink_media_codec_begin = .
 *(.a2dp_sink_media_codec)
 .a2dp_sink_media_codec
                0x01e3b8d4       0x30 cpu\br23\tools\sdk.elf.o
                0x01e3b8d4                a2dp_aac_sink_codec
                0x01e3b8ec                a2dp_sbc_codec_private
                0x01e3b904                a2dp_sink_media_codec_end = .
                0x01e3b904                a2dp_event_handler_begin = .
 *(.a2dp_event_handler)
 .a2dp_event_handler
                0x01e3b904       0x54 cpu\br23\tools\sdk.elf.o
                0x01e3b904                a2dp_sink_event_handler
                0x01e3b920                a2dp_source_event_handler
                0x01e3b93c                acp_a2dp_event_handler
                0x01e3b958                a2dp_event_handler_end = .
                0x01e3b958                sdp_record_item_begin = .
 *(.sdp_record_item)
 .sdp_record_item
                0x01e3b958       0x3c cpu\br23\tools\sdk.elf.o
                0x01e3b958                a2dp_sdp_record_item
                0x01e3b964                arp_ct_sdp_record_item
                0x01e3b970                hfp_sdp_record_item
                0x01e3b97c                pnp_sdp_record_item
                0x01e3b988                spp_sdp_record_item
                0x01e3b994                sdp_record_item_end = .
                0x01e3b994                bt_sleep_begin = .
 *(.bt_sleep)
 .bt_sleep      0x01e3b994       0x60 cpu\br23\tools\sdk.elf.o
                0x01e3b994                bt_suspend_a2dp_resumea2dp_release
                0x01e3b9a0                bt_suspend_avctp_resumeavctp_release
                0x01e3b9ac                bt_suspend_hfp_resumehfp_release
                0x01e3b9b8                bt_suspend_user_cmd_loop_resumeuser_cmd_loop_release
                0x01e3b9c4                bt_suspend_hid_resumehid_release
                0x01e3b9d0                bt_suspend_spp_resumespp_release
                0x01e3b9dc                bt_suspend_iap_resumeiap_release
                0x01e3b9e8                bt_suspend_sdp_resumesdp_release
                0x01e3b9f4                bt_sleep_end = .
 *(.bt_stack_const)
 .bt_stack_const
                0x01e3b9f4      0x7a0 cpu\br23\tools\sdk.elf.o
 *(.bt_stack_code)
 .bt_stack_code
                0x01e3c194     0xb81c cpu\br23\tools\sdk.elf.o
 *(.ble_db_const)
 *(.ble_db_code)
 .ble_db_code   0x01e479b0      0x182 cpu\br23\tools\sdk.elf.o
 *(.ble_sm_const)
 *fill*         0x01e47b32        0x2 
 .ble_sm_const  0x01e47b34       0x73 cpu\br23\tools\sdk.elf.o
 *(.ble_sm_code)
 *fill*         0x01e47ba7        0x1 
 .ble_sm_code   0x01e47ba8     0x1a06 cpu\br23\tools\sdk.elf.o
 *(.ble_att_const)
 *(.ble_att_code)
 .ble_att_code  0x01e495ae      0x5e6 cpu\br23\tools\sdk.elf.o
 *(.ble_gatt_const)
 *(.ble_gatt_code)
 .ble_gatt_code
                0x01e49b94      0x78a cpu\br23\tools\sdk.elf.o
                0x01e4a31e                BTSTACK_LE_HOST_MESH_CODE_START = .
 *(.ble_mesh_code)
 *(.ble_mesh_tinycrypt_code)
 *(.ble_mesh_const)
 *(.ble_mesh_tinycrypt_const)
                0x00000000                BTSTACK_LE_HOST_MESH_CODE_SIZE = ABSOLUTE ((. - BTSTACK_LE_HOST_MESH_CODE_START))
                0x01e4a31e                btstack_code_end = .
                0x01e4a320                . = ALIGN (0x4)
 *fill*         0x01e4a31e        0x2 
                0x01e4a320                . = ALIGN (0x4)
                0x01e4a320                . = ALIGN (0x4)
                0x01e4a320                system_text_start = .
                0x01e4a320                _device_node_begin = .
                0x01e4a320                PROVIDE (device_node_begin, .)
 *(.device)
 .device        0x01e4a320       0x24 cpu\br23\tools\sdk.elf.o
                0x01e4a320                device_table
                0x01e4a344                _device_node_end = .
                0x01e4a344                PROVIDE (device_node_end, .)
                0x01e4a344                config_target_begin = .
                [!provide]                PROVIDE (config_target_begin, .)
 *(.config_target)
 .config_target
                0x01e4a344        0x8 cpu\br23\tools\sdk.elf.o
                0x01e4a344                eq_config_target
                0x01e4a34c                config_target_end = .
                [!provide]                PROVIDE (config_target_end, .)
                0x01e4a34c                system_code_begin = .
 *(.system.*.text)
 .system.fs.text
                0x01e4a34c     0x5996 cpu\br23\tools\sdk.elf.o
 .system.lbuf.text
                0x01e4fce2      0x5b6 cpu\br23\tools\sdk.elf.o
 .system.printf.text
                0x01e50298      0x8f4 cpu\br23\tools\sdk.elf.o
 .system.device.text
                0x01e50b8c       0xdc cpu\br23\tools\sdk.elf.o
 .system.cpu.text
                0x01e50c68       0xe8 cpu\br23\tools\sdk.elf.o
 .system.timer.text
                0x01e50d50      0x6ae cpu\br23\tools\sdk.elf.o
 .system.cbuf.text
                0x01e513fe      0x1b0 cpu\br23\tools\sdk.elf.o
 .system.event.text
                0x01e515ae      0x382 cpu\br23\tools\sdk.elf.o
 .system.ascii.text
                0x01e51930      0x10a cpu\br23\tools\sdk.elf.o
 .system.task.text
                0x01e51a3a       0x52 cpu\br23\tools\sdk.elf.o
 .system.cfg_tool.text
                0x01e51a8c      0x6e4 cpu\br23\tools\sdk.elf.o
 .system.app_core.text
                0x01e52170      0x154 cpu\br23\tools\sdk.elf.o
 .system.init.text
                0x01e522c4       0x2a cpu\br23\tools\sdk.elf.o
                0x01e522c4                boot_info_init
                0x01e522ee                system_code_end = .
                0x01e522f0                . = ALIGN (0x4)
 *fill*         0x01e522ee        0x2 
                0x00007fa2                system_code_size = (system_code_end - system_code_begin)
                0x01e522f0                vfs_ops_begin = .
 *(.vfs_operations)
 .vfs_operations
                0x01e522f0       0xd0 cpu\br23\tools\sdk.elf.o
                0x01e522f0                sdfile_vfs_ops
                0x01e52358                fat_vfs_ops
                0x01e523c0                vfs_ops_end = .
                0x01e523c0                _lib_version_begin = .
                [!provide]                PROVIDE (lib_version_begin, .)
 *(.lib_version)
 .lib_version   0x01e523c0        0xc cpu\br23\tools\sdk.elf.o
                0x01e523c0                __version_fs
                0x01e523c4                __version_sdfile
                0x01e523c8                __version_fatfs
                0x01e523cc                _lib_version_end = .
                [!provide]                PROVIDE (lib_version_end, .)
                0x01e523cc                _initcall_begin = .
                0x01e523cc                PROVIDE (initcall_begin, .)
 *(.initcall)
 .initcall      0x01e523cc        0x8 cpu\br23\tools\sdk.elf.o
                0x01e523cc                __initcall_timer2_init
                0x01e523d0                __initcall_eq_init
                0x01e523d4                _initcall_end = .
                0x01e523d4                PROVIDE (initcall_end, .)
                0x01e523d4                _early_initcall_begin = .
                0x01e523d4                PROVIDE (early_initcall_begin, .)
 *(.early.initcall)
 .early.initcall
                0x01e523d4        0xc cpu\br23\tools\sdk.elf.o
                0x01e523d4                __initcall_board_power_wakeup_init
                0x01e523d8                __initcall_sys_event_init
                0x01e523dc                __initcall_sdfile_init
                0x01e523e0                _early_initcall_end = .
                0x01e523e0                PROVIDE (early_initcall_end, .)
                0x01e523e0                _late_initcall_begin = .
                0x01e523e0                PROVIDE (late_initcall_begin, .)
 *(.late.initcall)
 .late.initcall
                0x01e523e0        0x4 cpu\br23\tools\sdk.elf.o
                0x01e523e0                __initcall_sdk_meky_check
                0x01e523e4                _late_initcall_end = .
                0x01e523e4                PROVIDE (late_initcall_end, .)
                0x01e523e4                _platform_initcall_begin = .
                0x01e523e4                PROVIDE (platform_initcall_begin, .)
 *(.platform.initcall)
 .platform.initcall
                0x01e523e4        0x4 cpu\br23\tools\sdk.elf.o
                0x01e523e4                __initcall_syscfg_tools_init
                0x01e523e8                _platform_initcall_end = .
                0x01e523e8                PROVIDE (platform_initcall_end, .)
                0x01e523e8                _module_initcall_begin = .
                0x01e523e8                PROVIDE (module_initcall_begin, .)
 *(.module.initcall)
                0x01e523e8                _module_initcall_end = .
                0x01e523e8                PROVIDE (module_initcall_end, .)
                0x01e523e8                _sys_event_handler_begin = .
                0x01e523e8                PROVIDE (sys_event_handler_begin, .)
 *(.sys_event.4.handler)
 *(.sys_event.3.handler)
 *(.sys_event.2.handler)
 .sys_event.2.handler
                0x01e523e8        0x8 cpu\br23\tools\sdk.elf.o
                0x01e523e8                __event_handler_alarm_event_handler
 *(.sys_event.1.handler)
 *(.sys_event.0.handler)
 .sys_event.0.handler
                0x01e523f0       0x10 cpu\br23\tools\sdk.elf.o
                0x01e523f0                __event_handler_app_sys_event_probe_handler
                0x01e523f8                __event_handler_tws_key_event_handler
                0x01e52400                _sys_event_handler_end = .
                0x01e52400                PROVIDE (sys_event_handler_end, .)
                0x01e52400                _syscfg_arg_begin = .
                [!provide]                PROVIDE (syscfg_arg_begin, .)
 *(.syscfg.arg)
                0x01e52400                _syscfg_arg_end = .
                [!provide]                PROVIDE (syscfg_arg_end, .)
                0x01e52400                _syscfg_handler_begin = .
                [!provide]                PROVIDE (syscfg_handler_begin, .)
 *(.syscfg.handler)
                0x01e52400                _syscfg_handler_end = .
                [!provide]                PROVIDE (syscfg_handler_end, .)
                0x01e52400                _syscfg_ops_begin = .
                0x01e52400                PROVIDE (syscfg_ops_begin, .)
 *(.syscfg.2.ops)
 .syscfg.2.ops  0x01e52400       0x1c cpu\br23\tools\sdk.elf.o
                0x01e52400                cfg_btif
 *(.syscfg.1.ops)
 .syscfg.1.ops  0x01e5241c       0x1c cpu\br23\tools\sdk.elf.o
                0x01e5241c                cfg_vm
 *(.syscfg.0.ops)
 .syscfg.0.ops  0x01e52438       0x1c cpu\br23\tools\sdk.elf.o
                0x01e52438                cfg_bin
                0x01e52454                _syscfg_ops_end = .
                0x01e52454                PROVIDE (syscfg_ops_end, .)
                0x01e52454                _server_info_begin = .
                [!provide]                PROVIDE (server_info_begin, .)
 *(.server_info)
                0x01e52454                _server_info_end = .
                [!provide]                PROVIDE (server_info_end, .)
                0x01e52454                _bus_device_begin = .
                [!provide]                PROVIDE (bus_device_begin, .)
 *(.bus_device)
                0x01e52454                _bus_device_end = .
                [!provide]                PROVIDE (bus_device_end, .)
                0x01e52454                _sys_power_hal_ops_begin = .
                [!provide]                PROVIDE (sys_power_hal_ops_begin, .)
 *(.sys_power_hal_ops)
                0x01e52454                _sys_power_hal_ops_end = .
                [!provide]                PROVIDE (sys_power_hal_ops_end, .)
                0x01e52454                . = ALIGN (0x4)
                0x01e52454                lp_target_begin = .
                [!provide]                PROVIDE (lp_target_begin, .)
 *(.lp_target)
 .lp_target     0x01e52454       0x78 cpu\br23\tools\sdk.elf.o
                0x01e52454                key_lp_target
                0x01e5245c                usb_stor_lp_target
                0x01e52464                phone_incom_lp_target
                0x01e5246c                linein_dev_lp_target
                0x01e52474                audio_mc_device_lp_target
                0x01e5247c                audio_dec_init_lp_target
                0x01e52484                bt_dec_lp_target
                0x01e5248c                tone_dec_lp_target
                0x01e52494                mic_demo_lp_target
                0x01e5249c                __wakeup_is_idle_target
                0x01e524a4                usb_dev_lp_target
                0x01e524ac                usr_systimer_lp_target
                0x01e524b4                eq_online_lp_target
                0x01e524bc                btstack_lowpower_target
                0x01e524c4                ota_lp_target
                0x01e524cc                lp_target_end = .
                [!provide]                PROVIDE (lp_target_end, .)
                0x01e524cc                . = ALIGN (0x4)
                0x01e524cc                deepsleep_target_begin = .
                [!provide]                PROVIDE (deepsleep_target_begin, .)
 *(.deepsleep_target)
                0x01e524cc                deepsleep_target_end = .
                [!provide]                PROVIDE (deepsleep_target_end, .)
                0x01e524cc                crypto_begin = .
 *(.crypto_ecdh_code)
 *(.crypto_ecdh_const)
 *(.crypto_bigint_code)
 .crypto_bigint_code
                0x01e524cc      0x5ea cpu\br23\tools\sdk.elf.o
 *(.crypto_bigint_const)
 *(.crypto_code)
 .crypto_code   0x01e52ab6      0x596 cpu\br23\tools\sdk.elf.o
 *(.crypto_const)
 .crypto_const  0x01e5304c      0x171 cpu\br23\tools\sdk.elf.o
 *(.ECDH_sample_code)
 *(.ECDH_sample_const)
 *(.uECC_code)
 *fill*         0x01e531bd        0x1 
 .uECC_code     0x01e531be     0x3082 cpu\br23\tools\sdk.elf.o
 *(.uECC_const)
 .uECC_const    0x01e56240       0xb0 cpu\br23\tools\sdk.elf.o
 *(.hmac_code)
 .hmac_code     0x01e562f0      0x356 cpu\br23\tools\sdk.elf.o
 *(.hmac_const)
 *(.hash_sample_code)
 *(.hash_sample_const)
 *(.aes_cmac_sample_code)
 *(.aes_cmac_sample_const)
                0x01e56646                crypto_end = .
                0x0000417a                crypto_size = (. - crypto_begin)
 *(.mem_code)
 .mem_code      0x01e56646      0x516 cpu\br23\tools\sdk.elf.o
 *(.mem_const)
 *(.os_port_code)
 .os_port_code  0x01e56b5c      0x922 cpu\br23\tools\sdk.elf.o
 *(.os_port_const)
 *fill*         0x01e5747e        0x2 
 .os_port_const
                0x01e57480       0x24 cpu\br23\tools\sdk.elf.o
                0x01e574a4                system_text_end = .
                0x01e574a4                . = ALIGN (0x4)
                0x01e574a4                lcd_interface_begin = .
 *(.lcd_if_info)
                0x01e574a4                lcd_interface_end = .
                0x01e574a4                ui_style_begin = .
 *(.ui_style)
                0x01e574a4                ui_style_end = .
                0x01e574a4                elm_event_handler_begin_UPGRADE = .
 *(.elm_event_handler_UPGRADE)
                0x01e574a4                elm_event_handler_end_UPGRADE = .
                0x01e574a4                elm_event_handler_begin_JL = .
 *(.elm_event_handler_JL)
                0x01e574a4                elm_event_handler_end_JL = .
                0x01e574a4                elm_event_handler_begin_JL_01 = .
 *(.elm_event_handler_JL_01)
                0x01e574a4                elm_event_handler_end_JL_01 = .
                0x01e574a4                elm_event_handler_begin_JL_02 = .
 *(.elm_event_handler_JL_02)
                0x01e574a4                elm_event_handler_end_JL_02 = .
                0x01e574a4                elm_event_handler_begin_JL_03 = .
 *(.elm_event_handler_JL_03)
                0x01e574a4                elm_event_handler_end_JL_03 = .
                0x01e574a4                control_event_handler_begin = .
 *(.control_event_handler)
                0x01e574a4                control_event_handler_end = .
                0x01e574a4                control_ops_begin = .
 *(.control_ops)
                0x01e574a4                control_ops_end = .
                0x01e574a4                vg_event_handler_begin = .
 *(.vg_event_handler)
                0x01e574a4                vg_event_handler_end = .
                0x01e574a4                on_show_map_begin = .
 *(.on_show_map)
                0x01e574a4                on_show_map_end = .
                0x01e574a4                on_click_map_begin = .
 *(.on_click_map)
                0x01e574a4                on_click_map_end = .
                0x01e574a4                on_touch_map_begin = .
 *(.on_touch_map)
                0x01e574a4                on_touch_map_end = .
                0x01e574a4                on_change_map_begin = .
 *(.on_change_map)
                0x01e574a4                on_change_map_end = .
                0x01e574a4                on_key_map_begin = .
 *(.on_key_map)
                0x01e574a4                on_key_map_end = .
                0x01e574a4                img_loader_begin = .
 *(.img_loader)
                0x01e574a4                img_loader_end = .
                0x01e574a4                battery_notify_begin = .
 *(.battery_notify)
                0x01e574a4                battery_notify_end = .
                0x01e574a4                . = ALIGN (0x4)
                0x01e574a4                text_code_end = .
                0x01e574a4                update_code_start = .
 *(.bt_updata_ram_code)
 .bt_updata_ram_code
                0x01e574a4      0x178 cpu\br23\tools\sdk.elf.o
 *(.update_const)
 .update_const  0x01e5761c      0x158 cpu\br23\tools\sdk.elf.o
 *(.update_code)
 .update_code   0x01e57774      0xd5a cpu\br23\tools\sdk.elf.o
                0x01e584ce                update_code_end = .
                0x01e584d0                . = ALIGN (0x4)
 *fill*         0x01e584ce        0x2 
                0x01e584d0                media_text_start = .
 *(.aec_code)
 .aec_code      0x01e584d0     0x1336 cpu\br23\tools\sdk.elf.o
 *(.aec_const)
 *(.der_code)
 *(.der_const)
 *(.nlp_code)
 .nlp_code      0x01e59806      0x874 cpu\br23\tools\sdk.elf.o
 *(.nlp_const)
 *(.qmf_code)
 .qmf_code      0x01e5a07a      0x302 cpu\br23\tools\sdk.elf.o
 *(.qmf_const)
 .qmf_const     0x01e5a37c       0x18 cpu\br23\tools\sdk.elf.o
 *(.bt_audioplc_sparse_code)
 *(.bt_audioplc_code)
 *(.bt_audioplc_const)
                0x01e5a394                . = ALIGN (0x4)
 *(.res_code)
 *(.res_const)
                0x01e5a394                . = ALIGN (0x4)
 *(.ns_code)
 .ns_code       0x01e5a394      0x7a8 cpu\br23\tools\sdk.elf.o
 *(.ns_const)
 *(.opcore_maskrom)
                0x01e5ab3c                . = ALIGN (0x4)
 *(.pcm_code)
 .pcm_code      0x01e5ab3c      0x352 cpu\br23\tools\sdk.elf.o
 *(.pcm_const)
 *(.g729_code)
 .g729_code     0x01e5ae8e      0x22a cpu\br23\tools\sdk.elf.o
 *(.g729_const)
 *(.g726_code)
 .g726_code     0x01e5b0b8      0x18a cpu\br23\tools\sdk.elf.o
 *(.g726_const)
 *(.wtg_dec_code)
 .wtg_dec_code  0x01e5b242      0xd3e cpu\br23\tools\sdk.elf.o
 *(.wtg_dec_const)
 .wtg_dec_const
                0x01e5bf80     0x10b4 cpu\br23\tools\sdk.elf.o
 *(.wtg_dec_sparse_code)
 .wtg_dec_sparse_code
                0x01e5d034       0xe4 cpu\br23\tools\sdk.elf.o
 *(.wtg_dec_sparse_const)
 *(.bfilt_code)
                0x01e5d118                . = ALIGN (0x4)
 *(.mp3_decstream_const)
 *(.mp3_decstream_code)
 *(.mp3_decstream_sparse_code)
 *(.mp3_decstream_sparse_const)
 *(.mp3_dec_sparse_code)
 .mp3_dec_sparse_code
                0x01e5d118     0x1044 cpu\br23\tools\sdk.elf.o
 *(.mp3_dec_sparse_const)
 *(.mp3_dec_code)
 .mp3_dec_code  0x01e5e15c     0x31ca cpu\br23\tools\sdk.elf.o
 *(.mp3_dec_const)
 *fill*         0x01e61326        0x2 
 .mp3_dec_const
                0x01e61328     0x2b2c cpu\br23\tools\sdk.elf.o
 *(.mp3_const)
 *(.mp3_code)
 .mp3_code      0x01e63e54      0x420 cpu\br23\tools\sdk.elf.o
 *(.msbc_code)
 .msbc_code     0x01e64274      0x5d4 cpu\br23\tools\sdk.elf.o
 *(.msbc_const)
 .msbc_const    0x01e64848       0x4e cpu\br23\tools\sdk.elf.o
 *(.mty_code)
 *(.mty_const)
 *(.mp3tsy_dec_code)
 *(.mp3tsy_dec_const)
 *(.mp3tsy_dec_sparse_code)
 *(.mp3tsy_dec_sparse_const)
 *(.sbc_code)
 .sbc_code      0x01e64896      0x3d0 cpu\br23\tools\sdk.elf.o
 *(.sbc_const)
 *fill*         0x01e64c66        0x2 
 .sbc_const     0x01e64c68        0xc cpu\br23\tools\sdk.elf.o
 *(.sine_code)
 *(.sine_const)
 *(.wma_code)
 .wma_code      0x01e64c74      0x3c8 cpu\br23\tools\sdk.elf.o
 *(.wma_const)
 *(.wma_dec_code)
 .wma_dec_code  0x01e6503c     0x2850 cpu\br23\tools\sdk.elf.o
 *(.wma_dec_const)
 .wma_dec_const
                0x01e6788c     0x4130 cpu\br23\tools\sdk.elf.o
 *(.wma_dec_sparse_code)
 .wma_dec_sparse_code
                0x01e6b9bc     0x10d8 cpu\br23\tools\sdk.elf.o
 *(.wma_dec_sparse_const)
 *(.wma_decstream_const)
 *(.wma_decstream_code)
 *(.wma_decstream_sparse_code)
 *(.wma_decstream_sparse_const)
 *(.amr_code)
 *(.amr_const)
 *(.midi_code)
 *(.midi_const)
 *(.audio_decoder_code)
 .audio_decoder_code
                0x01e6ca94      0x9ea cpu\br23\tools\sdk.elf.o
 *(.audio_decoder_const)
 *(.mp3_encode_code)
 .mp3_encode_code
                0x01e6d47e      0x1ec cpu\br23\tools\sdk.elf.o
 *(.mp3_encode_const)
 *(.media_device_code)
 *(.media_device_const)
 *(.audio_encoder_code)
 *(.audio_encoder_const)
 *(.mixer_code)
 .mixer_code    0x01e6d66a      0xb24 cpu\br23\tools\sdk.elf.o
 *(.mixer_const)
 *(.dec_server_code)
 *(.dec_server_const)
 *(.rec_server_code)
 *(.rec_server_const)
 *(.auto_mute_code)
 *(.auto_mute_const)
 *(.plc_code)
 *(.plc_const)
 *(.wireless_sync_code)
 *(.wireless_sync_const)
 *(.fft_code)
 .fft_code      0x01e6e18e      0x194 cpu\br23\tools\sdk.elf.o
 *(.fft_const)
 *(.mp3_enc_code)
 *fill*         0x01e6e322        0x2 
 .mp3_enc_code  0x01e6e324      0x258 include_lib/liba/br23/mp3_enc_lib.a(mp3_enc_fun.o)
                0x01e6e324                mp3enc_idct32
                0x01e6e50c                L3_filter_bank
 *(.mp3_enc_const)
 .mp3_enc_const
                0x01e6e57c      0x87c cpu\br23\tools\sdk.elf.o
                0x01e6e57c                filter_bank
                0x01e6ed7c                costab32_new
 *(.mp3_enc_sparse_code)
 *(.mp3_enc_sparse_const)
                0x01e6edf8                . = ALIGN (0x4)
 *(.mp2_encode_code)
 .mp2_encode_code
                0x01e6edf8      0x146 include_lib/liba/br23/lib_mp2_code.a(mp2code_main.o)
                0x01e6edf8                mp2_put_bits
 .mp2_encode_code
                0x01e6ef3e      0x7da include_lib/liba/br23/lib_mp2_code.a(encodemp2.o)
                0x01e6ef3e                compute_bit_allocation
                0x01e6f156                encode_init
                0x01e6f2a8                compute_scale_factors
                0x01e6f362                get_header_length
                0x01e6f3b4                encode_frame_header
                0x01e6f59c                encode_frame_data
 .mp2_encode_code
                0x01e6f718      0x562 include_lib/liba/br23/lib_mp2_code.a(mp2dsp.o)
                0x01e6f718                mp2_filter
 *(.mp2_encode_const)
 *fill*         0x01e6fc7a        0x2 
 .mp2_encode_const
                0x01e6fc7c       0x1c include_lib/liba/br23/lib_mp2_code.a(mp2code_main.o)
                0x01e6fc7c                mp2contobj_ops
 .mp2_encode_const
                0x01e6fc98      0x374 include_lib/liba/br23/lib_mp2_code.a(encodemp2.o)
                0x01e6fc98                mp3_freq_tab
                0x01e6fc9e                mp2_bitrate_table
                0x01e6fce9                sblimt
                0x01e6fcee                quant_steps
                0x01e6fd10                quant_bits
                0x01e6fd22                total_quant_bits
                0x01e6fd44                alloc_sb1
                0x01e6fd62                alloc_table_1
                0x01e6fd8e                alloc_sb3
                0x01e6fd9a                alloc_table_3
                0x01e6fdb2                alloc_sb4
                0x01e6fdd0                alloc_table_4
                0x01e6fdec                quant_snr
                0x01e6fe10                alloc_sbs
                0x01e6fe24                alloc_tables
                0x01e6fe38                nb_scale_factors
                0x01e6fe3c                scale_factor_table
                0x01e6ff3c                scale_factor_shift
                0x01e6ff7c                scale_factor_mult
                0x01e6fffc                mp2_ff_log2_tab
 .mp2_encode_const
                0x01e7000c      0xca0 include_lib/liba/br23/lib_mp2_code.a(mp2dsp.o)
                0x01e7000c                mp2_filter_bank
                0x01e7080c                mp2_costab32
                0x01e70888                bitinv32
                0x01e708a8                mpa_enwindow
 *(.mp2_encode_sparse_code)
 .mp2_encode_sparse_code
                0x01e70cac      0x15a include_lib/liba/br23/lib_mp2_code.a(mp2code_main.o)
                0x01e70dfe                get_mp2_ops
 *(.mp2_encode_sparse_const)
                0x01e70e08                . = ALIGN (0x4)
 *fill*         0x01e70e06        0x2 
 *(.adpcm_encode_code)
 .adpcm_encode_code
                0x01e70e08      0x50c include_lib/liba/br23/lib_adpcm_code.a(en_adpcm.o)
                0x01e70e7e                adpcm_coder
 *(.adpcm_encode_const)
 .adpcm_encode_const
                0x01e71314       0x1c include_lib/liba/br23/lib_adpcm_code.a(en_adpcm_main.o)
                0x01e71314                msadpcmcontobj_ops
 .adpcm_encode_const
                0x01e71330       0x78 include_lib/liba/br23/lib_adpcm_code.a(en_adpcm.o)
                0x01e71330                ms_AdaptCoeff1
                0x01e7134c                ms_AdaptCoeff2
 *(.adpcm_encode_sparse_code)
 .adpcm_encode_sparse_code
                0x01e713a8      0x1a0 include_lib/liba/br23/lib_adpcm_code.a(en_adpcm_main.o)
                0x01e71540                get_msenadpcm_ops
 *(.adpcm_encode_sparse_const)
                0x01e71548                . = ALIGN (0x4)
 *(.m4a_dec_sparse_code)
 *(.m4a_dec_sparse_const)
 *(.aac_dec_sparse_code)
 *(.aac_dec_sparse_const)
 *(.bt_aac_dec_core_const)
 *(.amr_dec_const)
 *(.dts_dec_ff_const)
 *(.dts_dec_sparse_code)
 *(.dts_dec_sparse_const)
 *(.res_sparse_code)
 *(.ns_sparse_code)
 .ns_sparse_code
                0x01e71548      0x496 cpu\br23\tools\sdk.elf.o
 *(.aec_sparse_code)
 .aec_sparse_code
                0x01e719de      0x2b4 cpu\br23\tools\sdk.elf.o
 *(.nlp_sparse_code)
 .nlp_sparse_code
                0x01e71c92      0x29c cpu\br23\tools\sdk.elf.o
 *(.der_sparse_code)
 *(.qmf_sparse_code)
 .qmf_sparse_code
                0x01e71f2e       0x26 cpu\br23\tools\sdk.elf.o
 *(.sms_const)
 *(.sms_sparse_code)
 *(.sms_code)
 *(.resample_cal_code)
 *(.resample_cal_sparse_code)
 *(.resample_cal_const)
 *(.bt_compressor_sparse_const)
 *(.bt_compressor_sparse_code)
 *(.compressor_sparse_code)
 .compressor_sparse_code
                0x01e71f54      0x36c cpu\br23\tools\sdk.elf.o
 *(.compressor_sparse_const)
 *(.bt_limiter_sparse_const)
 *(.bt_limiter_sparse_code)
 .bt_limiter_sparse_code
                0x01e722c0      0x63e cpu\br23\tools\sdk.elf.o
 *(.limiter_sparse_code)
 .limiter_sparse_code
                0x01e728fe      0x1a4 cpu\br23\tools\sdk.elf.o
 *(.limiter_sparse_const)
 *(.bt_crossOver_sparse_const)
 *(.bt_crossOver_sparse_code)
 *(.crossOver_sparse_code)
 .crossOver_sparse_code
                0x01e72aa2      0x8dc cpu\br23\tools\sdk.elf.o
 *(.crossOver_sparse_const)
 *(.audio_codec_code)
 .audio_codec_code
                0x01e7337e      0x180 cpu\br23\tools\sdk.elf.o
                0x01e73500                . = ALIGN (0x4)
 *fill*         0x01e734fe        0x2 
                0x01e73500                _audio_decoder_begin = .
                0x01e73500                PROVIDE (audio_decoder_begin, .)
 *(.audio_decoder)
 .audio_decoder
                0x01e73500      0x2a8 cpu\br23\tools\sdk.elf.o
                0x01e73500                sbc_decoder
                0x01e73544                wma_decoder
                0x01e73588                msbc_decoder
                0x01e735cc                flac_decoder
                0x01e73610                pcm_decoder
                0x01e73654                wav_decoder
                0x01e73698                mp3_decoder
                0x01e736dc                cvsd_decoder
                0x01e73720                ape_decoder
                0x01e73764                g729_decoder
                0x01e737a8                _audio_decoder_end = .
                0x01e737a8                PROVIDE (audio_decoder_end, .)
                0x01e737a8                _audio_encoder_begin = .
                0x01e737a8                PROVIDE (audio_encoder_begin, .)
 *(.audio_encoder)
 .audio_encoder
                0x01e737a8       0xe0 cpu\br23\tools\sdk.elf.o
                0x01e737a8                g726_encoder
                0x01e737c8                mp3_encoder
                0x01e737e8                msbc_encoder
                0x01e73808                sbc_encoder
                0x01e73828                adpcm_encoder
                0x01e73848                cvsd_encoder
                0x01e73868                pcm_encoder
                0x01e73888                _audio_encoder_end = .
                0x01e73888                PROVIDE (audio_encoder_end, .)
                0x01e73888                _audio_package_begin = .
                [!provide]                PROVIDE (audio_package_begin, .)
 *(.audio_package)
                0x01e73888                _audio_package_end = .
                [!provide]                PROVIDE (audio_package_end, .)
                0x01e73888                _audio_dev_begin = .
                [!provide]                PROVIDE (audio_dev_begin, .)
 *(.audio_device)
                0x01e73888                _audio_dev_end = .
                [!provide]                PROVIDE (audio_dev_end, .)
                0x01e73888                _audio_hwaccel_begin = .
                0x01e73888                PROVIDE (audio_hwaccel_begin, .)
 *(.audio_hwaccel)
 .audio_hwaccel
                0x01e73888       0x24 cpu\br23\tools\sdk.elf.o
                0x01e73888                sbc_hwaccel
                0x01e738ac                _audio_hwaccel_end = .
                0x01e738ac                PROVIDE (audio_hwaccel_end, .)
                0x01e738ac                . = ALIGN (0x4)
                0x01e738ac                media_code_begin = .
 *(.media.*.text)
 .media.audio_decoder.text
                0x01e738ac       0x60 cpu\br23\tools\sdk.elf.o
 .media.audio_dec.text
                0x01e7390c      0xaf8 cpu\br23\tools\sdk.elf.o
 .media.media_cpu.text
                0x01e74404     0x4624 cpu\br23\tools\sdk.elf.o
 .media.audio_stream.text
                0x01e78a28      0x46c cpu\br23\tools\sdk.elf.o
 .media.mixer.text
                0x01e78e94       0x30 cpu\br23\tools\sdk.elf.o
 .media.prevent_task_fill.text
                0x01e78ec4      0x186 cpu\br23\tools\sdk.elf.o
 .media.audio_splicing.text
                0x01e7904a      0x2a0 cpu\br23\tools\sdk.elf.o
 .media.audio_encoder.text
                0x01e792ea     0x1924 cpu\br23\tools\sdk.elf.o
                0x01e7ac10                . = ALIGN (0x4)
 *fill*         0x01e7ac0e        0x2 
 *(.crossOver_code)
 .crossOver_code
                0x01e7ac10       0x96 cpu\br23\tools\sdk.elf.o
 *(.crossOver_const)
 *(.bt_crossOver_const)
 *(.bt_crossOver_code)
                0x01e7aca8                . = ALIGN (0x4)
 *fill*         0x01e7aca6        0x2 
 *(.compressor_code)
 .compressor_code
                0x01e7aca8      0x3ca cpu\br23\tools\sdk.elf.o
 *(.compressor_const)
 *(.bt_compressor_const)
 *(.bt_compressor_code)
                0x01e7b074                . = ALIGN (0x4)
 *fill*         0x01e7b072        0x2 
 *(.limiter_code)
 .limiter_code  0x01e7b074      0x158 cpu\br23\tools\sdk.elf.o
 *(.limiter_const)
 *(.bt_limiter_const)
 *(.bt_limiter_code)
                0x01e7b1cc                . = ALIGN (0x4)
 *(.lib_pitchshift_code)
 *(.lib_pitchshift_const)
                0x01e7b1cc                . = ALIGN (0x4)
 *(.sur_cal_const)
 *(.sur_cal_code)
                0x01e7b1cc                . = ALIGN (0x4)
                0x01e7b1cc                media_code_end = .
                0x01e7b1cc                . = ALIGN (0x4)
                0x00007920                media_code_size = (media_code_end - media_code_begin)
                0x01e7b1cc                . = ALIGN (0x4)
                0x01e7b1cc                media_text_end = .
                0x01e7b1cc                driver_code_start = .
                0x01e7b1cc                . = ALIGN (0x4)
                0x01e7b1cc                _SPI_CODE_START = .
 *(.spi_code)
                0x01e7b1cc                . = ALIGN (0x4)
                0x01e7b1cc                _SPI_CODE_END = .
                0x01e7b1cc                clock_critical_handler_begin = .
 *(.clock_critical_txt)
 .clock_critical_txt
                0x01e7b1cc       0x28 cpu\br23\tools\sdk.elf.o
                0x01e7b1cc                clock_chargestore
                0x01e7b1d4                clock_uart
                0x01e7b1dc                clock_sdx
                0x01e7b1e4                clock_lrc
                0x01e7b1ec                clock_port
                0x01e7b1f4                clock_critical_handler_end = .
                0x01e7b1f4                CLOCK_CODE_START = .
 *(.clock_code)
 .clock_code    0x01e7b1f4      0x59e cpu\br23\tools\sdk.elf.o
 *(.clock_const)
 .clock_const   0x01e7b792        0x4 cpu\br23\tools\sdk.elf.o
                0x000005a2                CLOCK_CODE_SIZE = ABSOLUTE ((. - CLOCK_CODE_START))
 *(.debug_code)
 *(.debug_const)
 *(.power_code)
 *(.power_const)
 *(.uart_code)
 *(.uart_const)
                0x01e7b796                driver_code_end = .
                0x01e7b798                . = ALIGN (0x4)
 *fill*         0x01e7b796        0x2 
                0x00000000                . = ORIGIN (ram0)
                0x00000000                _data_code_begin = .
                0x00000000                bank_code_run_addr = .
                0x00000000                common_code_run_addr = .

.data           0x00000000     0x4e50
 *(.data_magic)
 .data_magic    0x00000000       0x40 cpu\br23\tools\sdk.elf.o
                0x00000000                data_magic
                0x00000040                . = ALIGN (0x4)
 *(.flushinv_icache)
 *(.volatile_ram_code)
 .volatile_ram_code
                0x00000040      0xe94 cpu\br23\tools\sdk.elf.o
                0x00000114                spi_cache_way_switch
                0x0000026a                bredr_link_clk_offset
                0x000005f8                read_flash_id
                0x000006a4                sfc_drop_cache
                0x0000071a                __udelay
                0x0000078e                norflash_erase
                0x00000818                flushinv_dcache_api
                0x00000b80                switch_to_hrc
                0x00000c6e                spi_for_maskrom_init
                0x00000de6                hw_mmu_disable
                0x00000df2                audio_bt_time_read
                0x00000eb6                lc_local_slot_bitoff
 .volatile_ram_code
                0x00000ed4      0x158 include_lib/liba/br23/cpu.a(startup.o)
                0x00000ed4                __BT_UPDATA_JUMP
                0x00000f54                __JUMP_TO_MASKROM
                0x00000f9a                __DEV_UPDATA_JUMP
                0x0000101a                exception_irq_handler
 *(.os_critical_code)
 .os_critical_code
                0x0000102c      0x51a cpu\br23\tools\sdk.elf.o
                0x00001062                jiffies_half_msec
                0x000010a8                jiffies_msec
                0x000010da                vmalloc_
                0x000011da                vfree_
                0x000012de                vfree_v2
                0x00001384                vcopy_
                0x000013d0                vmalloc_v2
 *(.chargebox_code)
 *(.os_code)
 .os_code       0x00001546     0x1972 cpu\br23\tools\sdk.elf.o
 *(.os_const)
 *(.ui_ram)
 *(.gpio_ram)
 .gpio_ram      0x00002eb8      0x4d8 cpu\br23\tools\sdk.elf.o
 *(.LED_code)
 *(.LED_const)
                0x00003390                . = ALIGN (0x4)
                0x00003390                _data_code_end = .
                0x00003390                _cpu_store_begin = .
                0x00003390                . = ALIGN (0x4)
 *(.data*)
 .data          0x00003390      0x62c cpu\br23\tools\sdk.elf.o
 .data          0x000039bc        0x4 C:\JL\pi32\pi32v2-lib\r3\libm.a(lib_a-s_lib_ver.o)
                0x000039bc                __fdlib_version
 .data          0x000039c0        0x4 C:\JL\pi32\pi32v2-lib\r3\libc.a(lib_a-ctype_.o)
                0x000039c0                __ctype_ptr__
 .data          0x000039c4      0x428 C:\JL\pi32\pi32v2-lib\r3\libc.a(lib_a-impure.o)
                0x000039c4                _impure_ptr
                0x00003dec                . = ALIGN (0x4)
                0x00003dec                dec_board_param_mem_begin = .
 *(.dec_board_param_mem)